Component: ARM Compiler 5.06 update 6 (build 750) Tool: armlink [4d35ed]

==============================================================================

Section Cross References

    startup_stm32f40_41xxx.o(STACK) refers (Special) to heapauxi.o(.text) for __use_two_region_memory
    startup_stm32f40_41xxx.o(HEAP) refers (Special) to heapauxi.o(.text) for __use_two_region_memory
    startup_stm32f40_41xxx.o(RESET) refers (Special) to heapauxi.o(.text) for __use_two_region_memory
    startup_stm32f40_41xxx.o(RESET) refers to startup_stm32f40_41xxx.o(STACK) for __initial_sp
    startup_stm32f40_41xxx.o(RESET) refers to startup_stm32f40_41xxx.o(.text) for Reset_Handler
    startup_stm32f40_41xxx.o(RESET) refers to usmart.o(i.TIM4_IRQHandler) for TIM4_IRQHandler
    startup_stm32f40_41xxx.o(RESET) refers to usart.o(i.USART1_IRQHandler) for USART1_IRQHandler
    startup_stm32f40_41xxx.o(RESET) refers to rs485.o(i.USART2_IRQHandler) for USART2_IRQHandler
    startup_stm32f40_41xxx.o(.text) refers (Special) to heapauxi.o(.text) for __use_two_region_memory
    startup_stm32f40_41xxx.o(.text) refers to __main.o(!!!main) for __main
    startup_stm32f40_41xxx.o(.text) refers to startup_stm32f40_41xxx.o(HEAP) for Heap_Mem
    startup_stm32f40_41xxx.o(.text) refers to startup_stm32f40_41xxx.o(STACK) for Stack_Mem
    test.o(i.main) refers to sys.o(i.Stm32_Clock_Init) for Stm32_Clock_Init
    test.o(i.main) refers to delay.o(i.delay_init) for delay_init
    test.o(i.main) refers to usart.o(i.uart_init) for uart_init
    test.o(i.main) refers to usart.o(i.uart3_init) for uart3_init
    test.o(i.main) refers to led.o(i.LED_Init) for LED_Init
    test.o(i.main) refers to rs485.o(i.RS485_Init) for RS485_Init
    test.o(i.main) refers to jy901.o(i.ModbusRWReg) for ModbusRWReg
    test.o(i.main) refers to delay.o(i.delay_ms) for delay_ms
    test.o(i.main) refers to jy901.o(.data) for allowAddeId
    delay.o(i.delay_init) refers to delay.o(.data) for fac_us
    delay.o(i.delay_ms) refers to delay.o(i.delay_xms) for delay_xms
    delay.o(i.delay_us) refers to delay.o(.data) for fac_us
    delay.o(i.delay_xms) refers to delay.o(.data) for fac_ms
    sys.o(i.MY_NVIC_Init) refers to sys.o(i.MY_NVIC_PriorityGroupConfig) for MY_NVIC_PriorityGroupConfig
    sys.o(i.Stm32_Clock_Init) refers to sys.o(i.Sys_Clock_Set) for Sys_Clock_Set
    sys.o(i.Stm32_Clock_Init) refers to sys.o(i.MY_NVIC_SetVectorTable) for MY_NVIC_SetVectorTable
    sys.o(i.Sys_Standby) refers to sys.o(i.WFI_SET) for WFI_SET
    usart.o(i.USART1_IRQHandler) refers to usart.o(.data) for USART_RX_STA
    usart.o(i.USART1_IRQHandler) refers to usart.o(.bss) for USART_RX_BUF
    usart.o(i.uart3_init) refers to sys.o(i.GPIO_Set) for GPIO_Set
    usart.o(i.uart3_init) refers to sys.o(i.GPIO_AF_Set) for GPIO_AF_Set
    usart.o(i.uart_init) refers to sys.o(i.GPIO_Set) for GPIO_Set
    usart.o(i.uart_init) refers to sys.o(i.GPIO_AF_Set) for GPIO_AF_Set
    usart.o(i.uart_init) refers to sys.o(i.MY_NVIC_Init) for MY_NVIC_Init
    led.o(i.LED_Init) refers to sys.o(i.GPIO_Set) for GPIO_Set
    ili93xx.o(i.LCD_Clear) refers to ili93xx.o(i.LCD_SetCursor) for LCD_SetCursor
    ili93xx.o(i.LCD_Clear) refers to ili93xx.o(i.LCD_WriteRAM_Prepare) for LCD_WriteRAM_Prepare
    ili93xx.o(i.LCD_Clear) refers to ili93xx.o(.bss) for lcddev
    ili93xx.o(i.LCD_Color_Fill) refers to ili93xx.o(i.LCD_SetCursor) for LCD_SetCursor
    ili93xx.o(i.LCD_Color_Fill) refers to ili93xx.o(i.LCD_WriteRAM_Prepare) for LCD_WriteRAM_Prepare
    ili93xx.o(i.LCD_DisplayOff) refers to ili93xx.o(i.LCD_WR_REG) for LCD_WR_REG
    ili93xx.o(i.LCD_DisplayOff) refers to ili93xx.o(i.LCD_WriteReg) for LCD_WriteReg
    ili93xx.o(i.LCD_DisplayOff) refers to ili93xx.o(.bss) for lcddev
    ili93xx.o(i.LCD_DisplayOn) refers to ili93xx.o(i.LCD_WR_REG) for LCD_WR_REG
    ili93xx.o(i.LCD_DisplayOn) refers to ili93xx.o(i.LCD_WriteReg) for LCD_WriteReg
    ili93xx.o(i.LCD_DisplayOn) refers to ili93xx.o(.bss) for lcddev
    ili93xx.o(i.LCD_Display_Dir) refers to ili93xx.o(i.LCD_Scan_Dir) for LCD_Scan_Dir
    ili93xx.o(i.LCD_Display_Dir) refers to ili93xx.o(.bss) for lcddev
    ili93xx.o(i.LCD_DrawLine) refers to ili93xx.o(i.LCD_DrawPoint) for LCD_DrawPoint
    ili93xx.o(i.LCD_DrawPoint) refers to ili93xx.o(i.LCD_SetCursor) for LCD_SetCursor
    ili93xx.o(i.LCD_DrawPoint) refers to ili93xx.o(i.LCD_WriteRAM_Prepare) for LCD_WriteRAM_Prepare
    ili93xx.o(i.LCD_DrawPoint) refers to ili93xx.o(.data) for POINT_COLOR
    ili93xx.o(i.LCD_DrawRectangle) refers to ili93xx.o(i.LCD_DrawLine) for LCD_DrawLine
    ili93xx.o(i.LCD_Draw_Circle) refers to ili93xx.o(i.LCD_DrawPoint) for LCD_DrawPoint
    ili93xx.o(i.LCD_Fast_DrawPoint) refers to ili93xx.o(i.LCD_WR_REG) for LCD_WR_REG
    ili93xx.o(i.LCD_Fast_DrawPoint) refers to ili93xx.o(i.LCD_WR_DATA) for LCD_WR_DATA
    ili93xx.o(i.LCD_Fast_DrawPoint) refers to ili93xx.o(i.LCD_WriteReg) for LCD_WriteReg
    ili93xx.o(i.LCD_Fast_DrawPoint) refers to ili93xx.o(.bss) for lcddev
[...]
    libshutdown.o(.ARM.Collect$$libshutdown$$00000000) refers (Special) to libshutdown2.o(.ARM.Collect$$libshutdown$$0000000C) for __rt_lib_shutdown_user_alloc_1
    sys_command.o(.text) refers (Special) to use_no_semi.o(.text) for __I$use$semihosting
    sys_command.o(.text) refers (Special) to indicate_semi.o(.text) for __semihosting_library_function
    defsig_rtmem_outer.o(.text) refers to defsig_rtmem_inner.o(.text) for __rt_SIGRTMEM_inner
    defsig_rtmem_outer.o(.text) refers to defsig_exit.o(.text) for __sig_exit
    defsig_rtmem_formal.o(.text) refers to rt_raise.o(.text) for __rt_raise
    rt_raise.o(.text) refers to __raise.o(.text) for __raise
    rt_raise.o(.text) refers to jy901.o(i._sys_exit) for _sys_exit
    defsig_exit.o(.text) refers to jy901.o(i._sys_exit) for _sys_exit
    defsig_rtmem_inner.o(.text) refers to defsig_general.o(.text) for __default_signal_display
    __raise.o(.text) refers to defsig.o(CL$$defsig) for __default_signal_handler
    defsig_general.o(.text) refers to sys_wrch.o(.text) for _ttywrch
    sys_wrch.o(.text) refers (Special) to use_no_semi.o(.text) for __I$use$semihosting
    sys_wrch.o(.text) refers (Special) to indicate_semi.o(.text) for __semihosting_library_function
    defsig.o(CL$$defsig) refers to defsig_rtmem_inner.o(.text) for __rt_SIGRTMEM_inner
    defsig_abrt_inner.o(.text) refers to defsig_general.o(.text) for __default_signal_display
    defsig_fpe_inner.o(.text) refers to defsig_general.o(.text) for __default_signal_display
    defsig_rtred_inner.o(.text) refers to defsig_general.o(.text) for __default_signal_display
    defsig_stak_inner.o(.text) refers to defsig_general.o(.text) for __default_signal_display
    defsig_pvfn_inner.o(.text) refers to defsig_general.o(.text) for __default_signal_display
    defsig_cppl_inner.o(.text) refers to defsig_general.o(.text) for __default_signal_display
    defsig_segv_inner.o(.text) refers to defsig_general.o(.text) for __default_signal_display
    defsig_other.o(.text) refers to defsig_general.o(.text) for __default_signal_display


==============================================================================

Removing Unused input sections from the image.

    Removing test.o(.rev16_text), (4 bytes).
    Removing test.o(.revsh_text), (4 bytes).
    Removing delay.o(.rev16_text), (4 bytes).
    Removing delay.o(.revsh_text), (4 bytes).
    Removing sys.o(.rev16_text), (4 bytes).
    Removing sys.o(.revsh_text), (4 bytes).
    Removing sys.o(.emb_text), (6 bytes).
    Removing sys.o(i.Ex_NVIC_Config), (180 bytes).
    Removing sys.o(i.INTX_DISABLE), (4 bytes).
    Removing sys.o(i.INTX_ENABLE), (4 bytes).
    Removing sys.o(i.Sys_Soft_Reset), (16 bytes).
    Removing sys.o(i.Sys_Standby), (76 bytes).
    Removing sys.o(i.WFI_SET), (4 bytes).
    Removing usart.o(.rev16_text), (4 bytes).
    Removing usart.o(.revsh_text), (4 bytes).
    Removing led.o(.rev16_text), (4 bytes).
    Removing led.o(.revsh_text), (4 bytes).
    Removing ili93xx.o(.rev16_text), (4 bytes).
    Removing ili93xx.o(.revsh_text), (4 bytes).
    Removing ili93xx.o(i.LCD_BGR2RGB), (26 bytes).
    Removing ili93xx.o(i.LCD_Clear), (108 bytes).
    Removing ili93xx.o(i.LCD_Color_Fill), (96 bytes).
    Removing ili93xx.o(i.LCD_DisplayOff), (96 bytes).
    Removing ili93xx.o(i.LCD_DisplayOn), (96 bytes).
    Removing ili93xx.o(i.LCD_Display_Dir), (448 bytes).
    Removing ili93xx.o(i.LCD_DrawLine), (176 bytes).
    Removing ili93xx.o(i.LCD_DrawPoint), (36 bytes).
    Removing ili93xx.o(i.LCD_DrawRectangle), (60 bytes).
    Removing ili93xx.o(i.LCD_Draw_Circle), (152 bytes).
    Removing ili93xx.o(i.LCD_Fast_DrawPoint), (384 bytes).
    Removing ili93xx.o(i.LCD_Fill), (184 bytes).
    Removing ili93xx.o(i.LCD_Init), (14644 bytes).
    Removing ili93xx.o(i.LCD_Pow), (22 bytes).
    Removing ili93xx.o(i.LCD_RD_DATA), (20 bytes).
    Removing ili93xx.o(i.LCD_ReadPoint), (364 bytes).
    Removing ili93xx.o(i.LCD_ReadReg), (22 bytes).
    Removing ili93xx.o(i.LCD_SSD_BackLightSet), (96 bytes).
    Removing ili93xx.o(i.LCD_Scan_Dir), (748 bytes).
    Removing ili93xx.o(i.LCD_SetCursor), (424 bytes).
    Removing ili93xx.o(i.LCD_Set_Window), (532 bytes).
    Removing ili93xx.o(i.LCD_ShowChar), (296 bytes).
    Removing ili93xx.o(i.LCD_ShowNum), (148 bytes).
    Removing ili93xx.o(i.LCD_ShowString), (102 bytes).
    Removing ili93xx.o(i.LCD_ShowxNum), (190 bytes).
    Removing ili93xx.o(i.LCD_WR_DATA), (24 bytes).
    Removing ili93xx.o(i.LCD_WR_REG), (24 bytes).
    Removing ili93xx.o(i.LCD_WriteRAM), (12 bytes).
    Removing ili93xx.o(i.LCD_WriteRAM_Prepare), (20 bytes).
    Removing ili93xx.o(i.LCD_WriteReg), (20 bytes).
    Removing ili93xx.o(i.opt_delay), (14 bytes).
    Removing ili93xx.o(.bss), (14 bytes).
    Removing ili93xx.o(.constdata), (6080 bytes).
    Removing ili93xx.o(.data), (4 bytes).
    Removing key.o(.rev16_text), (4 bytes).
    Removing key.o(.revsh_text), (4 bytes).
    Removing key.o(i.KEY_Init), (80 bytes).
    Removing key.o(i.KEY_Scan), (164 bytes).
    Removing key.o(.data), (1 bytes).
    Removing rs485.o(.rev16_text), (4 bytes).
    Removing rs485.o(.revsh_text), (4 bytes).
    Removing rs485.o(i.RS485_Receive_Data), (76 bytes).
    Removing rs485.o(.bss), (64 bytes).
    Removing jy901.o(.rev16_text), (4 bytes).
    Removing jy901.o(.revsh_text), (4 bytes).
    Removing ano.o(.rev16_text), (4 bytes).
    Removing ano.o(.revsh_text), (4 bytes).
    Removing usmart.o(.rev16_text), (4 bytes).
    Removing usmart.o(.revsh_text), (4 bytes).
    Removing usmart_config.o(.rev16_text), (4 bytes).
    Removing usmart_config.o(.revsh_text), (4 bytes).
    Removing usmart_str.o(.rev16_text), (4 bytes).
    Removing usmart_str.o(.revsh_text), (4 bytes).

72 unused section(s) (total 26461 bytes) removed from the image.

==============================================================================

Image Symbol Table

    Local Symbols

    Symbol Name                              Value     Ov Type        Size  Object(Section)

    ../clib/angel/boardlib.s                 0x00000000   Number         0  boardinit3.o ABSOLUTE
    ../clib/angel/boardlib.s                 0x00000000   Number         0  boardshut.o ABSOLUTE
    ../clib/angel/boardlib.s                 0x00000000   Number         0  boardinit2.o ABSOLUTE
    ../clib/angel/boardlib.s                 0x00000000   Number         0  boardinit1.o ABSOLUTE
    ../clib/angel/dczerorl2.s                0x00000000   Number         0  __dczerorl2.o ABSOLUTE
    ../clib/angel/handlers.s                 0x00000000   Number         0  __scatter_zi.o ABSOLUTE
    ../clib/angel/kernel.s                   0x00000000   Number         0  __rtentry4.o ABSOLUTE
    ../clib/angel/kernel.s                   0x00000000   Number         0  __rtentry2.o ABSOLUTE
    ../clib/angel/kernel.s                   0x00000000   Number         0  __rtentry.o ABSOLUTE
    ../clib/angel/kernel.s                   0x00000000   Number         0  rtexit2.o ABSOLUTE
    ../clib/angel/kernel.s                   0x00000000   Number         0  rtexit.o ABSOLUTE
    ../clib/angel/rt.s                       0x00000000   Number         0  rt_raise.o ABSOLUTE
    ../clib/angel/scatter.s                  0x00000000   Number         0  __scatter.o ABSOLUTE
    ../clib/angel/startup.s                  0x00000000   Number         0  __main.o ABSOLUTE
    ../clib/angel/sys.s                      0x00000000   Number         0  indicate_semi.o ABSOLUTE
    ../clib/angel/sys.s                      0x00000000   Number         0  sys_stackheap_outer.o ABSOLUTE
    ../clib/angel/sys.s                      0x00000000   Number         0  use_no_semi.o ABSOLUTE
    ../clib/angel/sys.s                      0x00000000   Number         0  libspace.o ABSOLUTE
    ../clib/angel/sys.s                      0x00000000   Number         0  use_no_semi_2.o ABSOLUTE
    ../clib/angel/sysapp.c                   0x00000000   Number         0  sys_wrch.o ABSOLUTE
    ../clib/angel/sysapp.c                   0x00000000   Number         0  sys_command.o ABSOLUTE
    ../clib/armsys.c                         0x00000000   Number         0  no_argv.o ABSOLUTE
    ../clib/armsys.c                         0x00000000   Number         0  argv_veneer.o ABSOLUTE
    ../clib/armsys.c                         0x00000000   Number         0  argv_veneer.o ABSOLUTE
    ../clib/armsys.c                         0x00000000   Number         0  _get_argv_nomalloc.o ABSOLUTE
    ../clib/heapalloc.c                      0x00000000   Number         0  hrguard.o ABSOLUTE
    ../clib/heapaux.c                        0x00000000   Number         0  heapauxi.o ABSOLUTE
    ../clib/libinit.s                        0x00000000   Number         0  libinit.o ABSOLUTE
    ../clib/libinit.s                        0x00000000   Number         0  libshutdown2.o ABSOLUTE
    ../clib/libinit.s                        0x00000000   Number         0  libshutdown.o ABSOLUTE
    ../clib/libinit.s                        0x00000000   Number         0  libinit2.o ABSOLUTE
    ../clib/memcpset.s                       0x00000000   Number         0  rt_memclr_w.o ABSOLUTE
    ../clib/misc.s                           0x00000000   Number         0  printf_stubs.o ABSOLUTE
    ../clib/printf.c                         0x00000000   Number         0  __printf_nopercent.o ABSOLUTE
    ../clib/printf.c                         0x00000000   Number         0  __2printf.o ABSOLUTE
    ../clib/printf.c                         0x00000000   Number         0  noretval__2printf.o ABSOLUTE
    ../clib/printf.c                         0x00000000   Number         0  __printf.o ABSOLUTE
    ../clib/printf.c                         0x00000000   Number         0  _printf_pad.o ABSOLUTE
    ../clib/printf.c                         0x00000000   Number         0  _printf_str.o ABSOLUTE
    ../clib/printf.c                         0x00000000   Number         0  _printf_dec.o ABSOLUTE
    ../clib/printf.c                         0x00000000   Number         0  _printf_hex_ll.o ABSOLUTE
    ../clib/printf.c                         0x00000000   Number         0  _printf_hex_int.o ABSOLUTE
    ../clib/printf.c                         0x00000000   Number         0  _printf_hex_int_ll.o ABSOLUTE
    ../clib/printf.c                         0x00000000   Number         0  _printf_hex_ptr.o ABSOLUTE
    ../clib/printf.c                         0x00000000   Number         0  _printf_hex_int_ptr.o ABSOLUTE
    ../clib/printf.c                         0x00000000   Number         0  _printf_hex_ll_ptr.o ABSOLUTE
    ../clib/printf.c                         0x00000000   Number         0  _printf_hex_int_ll_ptr.o ABSOLUTE
    ../clib/printf.c                         0x00000000   Number         0  __printf_flags.o ABSOLUTE
    ../clib/printf.c                         0x00000000   Number         0  __printf_ss.o ABSOLUTE
    ../clib/printf.c                         0x00000000   Number         0  __printf_flags_ss.o ABSOLUTE
    ../clib/printf.c                         0x00000000   Number         0  __printf_wp.o ABSOLUTE
    ../clib/printf.c                         0x00000000   Number         0  __printf_flags_wp.o ABSOLUTE
    ../clib/printf.c                         0x00000000   Number         0  __printf_ss_wp.o ABSOLUTE
    ../clib/printf.c                         0x00000000   Number         0  __printf_flags_ss_wp.o ABSOLUTE
    ../clib/printf.c                         0x00000000   Number         0  _printf_char_file.o ABSOLUTE
    ../clib/printf.c                         0x00000000   Number         0  _printf_intcommon.o ABSOLUTE
    ../clib/printf.c                         0x00000000   Number         0  _printf_char.o ABSOLUTE
    ../clib/printf.c                         0x00000000   Number         0  _printf_char_common.o ABSOLUTE
    ../clib/printf_percent.s                 0x00000000   Number         0  _printf_s.o ABSOLUTE
    ../clib/printf_percent.s                 0x00000000   Number         0  _printf_percent_end.o ABSOLUTE
    ../clib/printf_percent.s                 0x00000000   Number         0  _printf_u.o ABSOLUTE
    ../clib/printf_percent.s                 0x00000000   Number         0  _printf_d.o ABSOLUTE
    ../clib/printf_percent.s                 0x00000000   Number         0  _printf_c.o ABSOLUTE
    ../clib/printf_percent.s                 0x00000000   Number         0  _printf_percent.o ABSOLUTE
    ../clib/printf_percent.s                 0x00000000   Number         0  _printf_x.o ABSOLUTE
    ../clib/signal.c                         0x00000000   Number         0  defsig_rtmem_formal.o ABSOLUTE
    ../clib/signal.c                         0x00000000   Number         0  defsig_exit.o ABSOLUTE
    ../clib/signal.c                         0x00000000   Number         0  __raise.o ABSOLUTE
    ../clib/signal.c                         0x00000000   Number         0  defsig_rtmem_inner.o ABSOLUTE
    ../clib/signal.c                         0x00000000   Number         0  defsig_other.o ABSOLUTE
    ../clib/signal.c                         0x00000000   Number         0  defsig_segv_inner.o ABSOLUTE
    ../clib/signal.c                         0x00000000   Number         0  defsig_cppl_inner.o ABSOLUTE
    ../clib/signal.c                         0x00000000   Number         0  defsig_rtmem_outer.o ABSOLUTE
    ../clib/signal.c                         0x00000000   Number         0  defsig_pvfn_inner.o ABSOLUTE
    ../clib/signal.c                         0x00000000   Number         0  defsig_stak_inner.o ABSOLUTE
    ../clib/signal.c                         0x00000000   Number         0  defsig_rtred_inner.o ABSOLUTE
    ../clib/signal.c                         0x00000000   Number         0  defsig_fpe_inner.o ABSOLUTE
    ../clib/signal.c                         0x00000000   Number         0  defsig_abrt_inner.o ABSOLUTE
    ../clib/signal.c                         0x00000000   Number         0  defsig_general.o ABSOLUTE
    ../clib/signal.s                         0x00000000   Number         0  defsig.o ABSOLUTE
    ../clib/stdio.c                          0x00000000   Number         0  ferror_locked.o ABSOLUTE
    ../clib/stdio.c                          0x00000000   Number         0  ferror.o ABSOLUTE
    ../clib/stdlib.c                         0x00000000   Number         0  exit.o ABSOLUTE
    ../fplib/d2f.s                           0x00000000   Number         0  d2f.o ABSOLUTE
    ../fplib/daddsub.s                       0x00000000   Number         0  daddsub_clz.o ABSOLUTE
    ../fplib/dfixu.s                         0x00000000   Number         0  dfixu.o ABSOLUTE
    ../fplib/dflt.s                          0x00000000   Number         0  dflt_clz.o ABSOLUTE
    ../fplib/dmul.s                          0x00000000   Number         0  dmul.o ABSOLUTE
    ../fplib/dnaninf.s                       0x00000000   Number         0  dnaninf.o ABSOLUTE
    ../fplib/dretinf.s                       0x00000000   Number         0  dretinf.o ABSOLUTE
    ../fplib/f2d.s                           0x00000000   Number         0  f2d.o ABSOLUTE
    ../fplib/fnaninf.s                       0x00000000   Number         0  fnaninf.o ABSOLUTE
    ../fplib/fpinit.s                        0x00000000   Number         0  fpinit.o ABSOLUTE
    ../fplib/fretinf.s                       0x00000000   Number         0  fretinf.o ABSOLUTE
    ../fplib/usenofp.s                       0x00000000   Number         0  usenofp.o ABSOLUTE
    ..\HARDWARE\ANO\ANO.c                    0x00000000   Number         0  ano.o ABSOLUTE
    ..\HARDWARE\KEY\key.c                    0x00000000   Number         0  key.o ABSOLUTE
    ..\HARDWARE\LCD\ILI93xx.c                0x00000000   Number         0  ili93xx.o ABSOLUTE
    ..\HARDWARE\LED\led.c                    0x00000000   Number         0  led.o ABSOLUTE
    ..\HARDWARE\RS485\rs485.c                0x00000000   Number         0  rs485.o ABSOLUTE
    ..\HARDWARE\imu\JY901.c                  0x00000000   Number         0  jy901.o ABSOLUTE
    ..\SYSTEM\delay\delay.c                  0x00000000   Number         0  delay.o ABSOLUTE
    ..\SYSTEM\sys\sys.c                      0x00000000   Number         0  sys.o ABSOLUTE
    ..\SYSTEM\usart\usart.c                  0x00000000   Number         0  usart.o ABSOLUTE
    ..\USMART\usmart.c                       0x00000000   Number         0  usmart.o ABSOLUTE
    ..\USMART\usmart_config.c                0x00000000   Number         0  usmart_config.o ABSOLUTE
    ..\USMART\usmart_str.c                   0x00000000   Number         0  usmart_str.o ABSOLUTE
    ..\\HARDWARE\\ANO\\ANO.c                 0x00000000   Number         0  ano.o ABSOLUTE
    ..\\HARDWARE\\KEY\\key.c                 0x00000000   Number         0  key.o ABSOLUTE
    ..\\HARDWARE\\LCD\\ILI93xx.c             0x00000000   Number         0  ili93xx.o ABSOLUTE
    ..\\HARDWARE\\LED\\led.c                 0x00000000   Number         0  led.o ABSOLUTE
    ..\\HARDWARE\\RS485\\rs485.c             0x00000000   Number         0  rs485.o ABSOLUTE
    ..\\HARDWARE\\imu\\JY901.c               0x00000000   Number         0  jy901.o ABSOLUTE
    ..\\SYSTEM\\delay\\delay.c               0x00000000   Number         0  delay.o ABSOLUTE
    ..\\SYSTEM\\sys\\sys.c                   0x00000000   Number         0  sys.o ABSOLUTE
    ..\\SYSTEM\\usart\\usart.c               0x00000000   Number         0  usart.o ABSOLUTE
    ..\\USMART\\usmart.c                     0x00000000   Number         0  usmart.o ABSOLUTE
    ..\\USMART\\usmart_config.c              0x00000000   Number         0  usmart_config.o ABSOLUTE
    ..\\USMART\\usmart_str.c                 0x00000000   Number         0  usmart_str.o ABSOLUTE
    dc.s                                     0x00000000   Number         0  dc.o ABSOLUTE
    startup_stm32f40_41xxx.s                 0x00000000   Number         0  startup_stm32f40_41xxx.o ABSOLUTE
    test.c                                   0x00000000   Number         0  test.o ABSOLUTE
    test.c                                   0x00000000   Number         0  test.o ABSOLUTE
    RESET                                    0x08000000   Section      392  startup_stm32f40_41xxx.o(RESET)
    !!!main                                  0x08000188   Section        8  __main.o(!!!main)
    !!!scatter                               0x08000190   Section       52  __scatter.o(!!!scatter)
    !!dczerorl2                              0x080001c4   Section       90  __dczerorl2.o(!!dczerorl2)
    !!handler_zi                             0x08000220   Section       28  __scatter_zi.o(!!handler_zi)
    .ARM.Collect$$_printf_percent$$00000000  0x0800023c   Section        0  _printf_percent.o(.ARM.Collect$$_printf_percent$$00000000)
    .ARM.Collect$$_printf_percent$$00000009  0x0800023c   Section        6  _printf_d.o(.ARM.Collect$$_printf_percent$$00000009)
    .ARM.Collect$$_printf_percent$$0000000A  0x08000242   Section        6  _printf_u.o(.ARM.Collect$$_printf_percent$$0000000A)
    .ARM.Collect$$_printf_percent$$0000000C  0x08000248   Section        6  _printf_x.o(.ARM.Collect$$_printf_percent$$0000000C)
    .ARM.Collect$$_printf_percent$$00000013  0x0800024e   Section        6  _printf_c.o(.ARM.Collect$$_printf_percent$$00000013)
    .ARM.Collect$$_printf_percent$$00000014  0x08000254   Section        6  _printf_s.o(.ARM.Collect$$_printf_percent$$00000014)
    .ARM.Collect$$_printf_percent$$00000017  0x0800025a   Section        4  _printf_percent_end.o(.ARM.Collect$$_printf_percent$$00000017)
    .ARM.Collect$$libinit$$00000000          0x0800025e   Section        2  libinit.o(.ARM.Collect$$libinit$$00000000)
    .ARM.Collect$$libinit$$00000001          0x08000260   Section        4  libinit2.o(.ARM.Collect$$libinit$$00000001)
    .ARM.Collect$$libinit$$00000004          0x08000264   Section        0  libinit2.o(.ARM.Collect$$libinit$$00000004)
    .ARM.Collect$$libinit$$0000000A          0x08000264   Section        0  libinit2.o(.ARM.Collect$$libinit$$0000000A)
    .ARM.Collect$$libinit$$0000000C          0x08000264   Section        0  libinit2.o(.ARM.Collect$$libinit$$0000000C)
    .ARM.Collect$$libinit$$0000000E          0x08000264   Section        0  libinit2.o(.ARM.Collect$$libinit$$0000000E)
    .ARM.Collect$$libinit$$00000011          0x08000264   Section        0  libinit2.o(.ARM.Collect$$libinit$$00000011)
    .ARM.Collect$$libinit$$00000013          0x08000264   Section        0  libinit2.o(.ARM.Collect$$libinit$$00000013)
    .ARM.Collect$$libinit$$00000015          0x08000264   Section        0  libinit2.o(.ARM.Collect$$libinit$$00000015)
    .ARM.Collect$$libinit$$00000017          0x08000264   Section        0  libinit2.o(.ARM.Collect$$libinit$$00000017)
    .ARM.Collect$$libinit$$00000019          0x08000264   Section        0  libinit2.o(.ARM.Collect$$libinit$$00000019)
    .ARM.Collect$$libinit$$0000001B          0x08000264   Section        0  libinit2.o(.ARM.Collect$$libinit$$0000001B)
    .ARM.Collect$$libinit$$0000001D          0x08000264   Section        0  libinit2.o(.ARM.Collect$$libinit$$0000001D)
    .ARM.Collect$$libinit$$0000001F          0x08000264   Section        0  libinit2.o(.ARM.Collect$$libinit$$0000001F)
    .ARM.Collect$$libinit$$00000021          0x08000264   Section        0  libinit2.o(.ARM.Collect$$libinit$$00000021)
    .ARM.Collect$$libinit$$00000023          0x08000264   Section        0  libinit2.o(.ARM.Collect$$libinit$$00000023)
    .ARM.Collect$$libinit$$00000025          0x08000264   Section        0  libinit2.o(.ARM.Collect$$libinit$$00000025)
    .ARM.Collect$$libinit$$0000002C          0x08000264   Section        0  libinit2.o(.ARM.Collect$$libinit$$0000002C)
    .ARM.Collect$$libinit$$0000002E          0x08000264   Section        0  libinit2.o(.ARM.Collect$$libinit$$0000002E)
    .ARM.Collect$$libinit$$00000030          0x08000264   Section        0  libinit2.o(.ARM.Collect$$libinit$$00000030)
    .ARM.Collect$$libinit$$00000032          0x08000264   Section        0  libinit2.o(.ARM.Collect$$libinit$$00000032)
    .ARM.Collect$$libinit$$00000033          0x08000264   Section        2  libinit2.o(.ARM.Collect$$libinit$$00000033)
    .ARM.Collect$$libshutdown$$00000000      0x08000266   Section        2  libshutdown.o(.ARM.Collect$$libshutdown$$00000000)
    .ARM.Collect$$libshutdown$$00000002      0x08000268   Section        0  libshutdown2.o(.ARM.Collect$$libshutdown$$00000002)
    .ARM.Collect$$libshutdown$$00000004      0x08000268   Section        0  libshutdown2.o(.ARM.Collect$$libshutdown$$00000004)
    .ARM.Collect$$libshutdown$$00000007      0x08000268   Section        0  libshutdown2.o(.ARM.Collect$$libshutdown$$00000007)
    .ARM.Collect$$libshutdown$$0000000A      0x08000268   Section        0  libshutdown2.o(.ARM.Collect$$libshutdown$$0000000A)
    .ARM.Collect$$libshutdown$$0000000C      0x08000268   Section        0  libshutdown2.o(.ARM.Collect$$libshutdown$$0000000C)
    .ARM.Collect$$libshutdown$$0000000F      0x08000268   Section        0  libshutdown2.o(.ARM.Collect$$libshutdown$$0000000F)
    .ARM.Collect$$libshutdown$$00000010      0x08000268   Section        2  libshutdown2.o(.ARM.Collect$$libshutdown$$00000010)
    .ARM.Collect$$rtentry$$00000000          0x0800026a   Section        0  __rtentry.o(.ARM.Collect$$rtentry$$00000000)
    .ARM.Collect$$rtentry$$00000002          0x0800026a   Section        0  __rtentry2.o(.ARM.Collect$$rtentry$$00000002)
    .ARM.Collect$$rtentry$$00000004          0x0800026a   Section        6  __rtentry4.o(.ARM.Collect$$rtentry$$00000004)
    .ARM.Collect$$rtentry$$00000009          0x08000270   Section        0  __rtentry2.o(.ARM.Collect$$rtentry$$00000009)
    .ARM.Collect$$rtentry$$0000000A          0x08000270   Section        4  __rtentry2.o(.ARM.Collect$$rtentry$$0000000A)
    .ARM.Collect$$rtentry$$0000000C          0x08000274   Section        0  __rtentry2.o(.ARM.Collect$$rtentry$$0000000C)
    .ARM.Collect$$rtentry$$0000000D          0x08000274   Section        8  __rtentry2.o(.ARM.Collect$$rtentry$$0000000D)
    .ARM.Collect$$rtexit$$00000000           0x0800027c   Section        2  rtexit.o(.ARM.Collect$$rtexit$$00000000)
    .ARM.Collect$$rtexit$$00000002           0x0800027e   Section        0  rtexit2.o(.ARM.Collect$$rtexit$$00000002)
    .ARM.Collect$$rtexit$$00000003           0x0800027e   Section        4  rtexit2.o(.ARM.Collect$$rtexit$$00000003)
    .ARM.Collect$$rtexit$$00000004           0x08000282   Section        6  rtexit2.o(.ARM.Collect$$rtexit$$00000004)
    .text                                    0x08000288   Section       68  startup_stm32f40_41xxx.o(.text)
    $v0                                      0x08000288   Number         0  startup_stm32f40_41xxx.o(.text)
    .text                                    0x080002cc   Section        2  use_no_semi_2.o(.text)
    .text                                    0x080002d0   Section        0  noretval__2printf.o(.text)
    .text                                    0x080002e8   Section        0  _printf_pad.o(.text)
    .text                                    0x08000336   Section        0  _printf_str.o(.text)
    .text                                    0x08000388   Section        0  _printf_dec.o(.text)
    .text                                    0x08000400   Section        0  _printf_hex_int.o(.text)
    .text                                    0x08000458   Section        0  __printf_flags_ss_wp.o(.text)
    .text                                    0x080005e0   Section       78  rt_memclr_w.o(.text)
    .text                                    0x0800062e   Section        0  heapauxi.o(.text)
    .text                                    0x08000634   Section        2  use_no_semi.o(.text)
    .text                                    0x08000636   Section        0  _printf_intcommon.o(.text)
    .text                                    0x080006e8   Section        0  _printf_char.o(.text)
    .text                                    0x08000714   Section        0  _printf_char_file.o(.text)
    .text                                    0x08000738   Section        0  _printf_char_common.o(.text)
    _printf_input_char                       0x08000739   Thumb Code    10  _printf_char_common.o(.text)
    .text                                    0x08000768   Section        0  ferror.o(.text)
    .text                                    0x08000770   Section       74  sys_stackheap_outer.o(.text)
    .text                                    0x080007ba   Section        0  exit.o(.text)
    .text                                    0x080007cc   Section        8  libspace.o(.text)
    i.ANO_report                             0x080007d4   Section        0  ano.o(i.ANO_report)
    i.ANO_send                               0x08000856   Section        0  ano.o(i.ANO_send)
    i.CRC16                                  0x080008b0   Section        0  jy901.o(i.CRC16)
    i.CopeSerialData                         0x080008e4   Section        0  jy901.o(i.CopeSerialData)
    i.GPIO_AF_Set                            0x080010cc   Section        0  sys.o(i.GPIO_AF_Set)
    i.GPIO_Set                               0x0800110c   Section        0  sys.o(i.GPIO_Set)
    i.LED_Init                               0x080011ec   Section        0  led.o(i.LED_Init)
    i.MY_NVIC_Init                           0x0800122c   Section        0  sys.o(i.MY_NVIC_Init)
    i.MY_NVIC_PriorityGroupConfig            0x080012a4   Section        0  sys.o(i.MY_NVIC_PriorityGroupConfig)
    i.MY_NVIC_SetVectorTable                 0x080012cc   Section        0  sys.o(i.MY_NVIC_SetVectorTable)
    i.ModbusRWReg                            0x080012dc   Section        0  jy901.o(i.ModbusRWReg)
    i.PcTx_Byte                              0x080013bc   Section        0  usart.o(i.PcTx_Byte)
    i.PcTx_Byte3                             0x080013d4   Section        0  usart.o(i.PcTx_Byte3)
    i.RS485_Init                             0x080013f0   Section        0  rs485.o(i.RS485_Init)
    i.RS485_Send_Data                        0x08001524   Section        0  rs485.o(i.RS485_Send_Data)
    i.Stm32_Clock_Init                       0x08001578   Section        0  sys.o(i.Stm32_Clock_Init)
    i.Sys_Clock_Set                          0x080015e0   Section        0  sys.o(i.Sys_Clock_Set)
    i.TIM4_IRQHandler                        0x080016ec   Section        0  usmart.o(i.TIM4_IRQHandler)
    i.Timer4_Init                            0x08001728   Section        0  usmart.o(i.Timer4_Init)
    i.USART1_IRQHandler                      0x08001778   Section        0  usart.o(i.USART1_IRQHandler)
    i.USART2_IRQHandler                      0x080017f8   Section        0  rs485.o(i.USART2_IRQHandler)
    i._is_digit                              0x08001818   Section        0  __printf_wp.o(i._is_digit)
    i._sys_exit                              0x08001826   Section        0  jy901.o(i._sys_exit)
    i.delay_init                             0x0800182c   Section        0  delay.o(i.delay_init)
    i.delay_ms                               0x0800186c   Section        0  delay.o(i.delay_ms)
    i.delay_us                               0x080018a4   Section        0  delay.o(i.delay_us)
    i.delay_xms                              0x080018e0   Section        0  delay.o(i.delay_xms)
    i.fputc                                  0x0800191c   Section        0  jy901.o(i.fputc)
    i.main                                   0x08001938   Section        0  test.o(i.main)
    i.read_addr                              0x080019f0   Section        0  usmart.o(i.read_addr)
    i.send485                                0x080019f6   Section        0  jy901.o(i.send485)
    i.uart3_init                             0x08001a04   Section        0  usart.o(i.uart3_init)
    i.uart_init                              0x08001ae8   Section        0  usart.o(i.uart_init)
    i.usmart_cmd_rec                         0x08001be8   Section        0  usmart.o(i.usmart_cmd_rec)
    i.usmart_exe                             0x08001c98   Section        0  usmart.o(i.usmart_exe)
    i.usmart_get_aparm                       0x08001f6c   Section        0  usmart_str.o(i.usmart_get_aparm)
    i.usmart_get_cmdname                     0x08002040   Section        0  usmart_str.o(i.usmart_get_cmdname)
    i.usmart_get_fname                       0x08002078   Section        0  usmart_str.o(i.usmart_get_fname)
    i.usmart_get_fparam                      0x08002238   Section        0  usmart_str.o(i.usmart_get_fparam)
    i.usmart_get_parmpos                     0x08002344   Section        0  usmart_str.o(i.usmart_get_parmpos)
    i.usmart_get_runtime                     0x08002364   Section        0  usmart.o(i.usmart_get_runtime)
    i.usmart_init                            0x080023a4   Section        0  usmart.o(i.usmart_init)
    i.usmart_pow                             0x080023cc   Section        0  usmart_str.o(i.usmart_pow)
    i.usmart_reset_runtime                   0x080023e4   Section        0  usmart.o(i.usmart_reset_runtime)
    i.usmart_scan                            0x08002414   Section        0  usmart.o(i.usmart_scan)
    i.usmart_search_nextc                    0x080024d0   Section        0  usmart_str.o(i.usmart_search_nextc)
    i.usmart_str2num                         0x080024e6   Section        0  usmart_str.o(i.usmart_str2num)
    i.usmart_strcmp                          0x080025ec   Section        0  usmart_str.o(i.usmart_strcmp)
    i.usmart_strcopy                         0x0800260e   Section        0  usmart_str.o(i.usmart_strcopy)
    i.usmart_strlen                          0x08002624   Section        0  usmart_str.o(i.usmart_strlen)
    i.usmart_sys_cmd_exe                     0x0800263c   Section        0  usmart.o(i.usmart_sys_cmd_exe)
    i.write_addr                             0x08002d30   Section        0  usmart.o(i.write_addr)
    x$fpl$d2f                                0x08002d34   Section       98  d2f.o(x$fpl$d2f)
    $v0                                      0x08002d34   Number         0  d2f.o(x$fpl$d2f)
    x$fpl$dadd                               0x08002d98   Section      336  daddsub_clz.o(x$fpl$dadd)
    $v0                                      0x08002d98   Number         0  daddsub_clz.o(x$fpl$dadd)
    _dadd1                                   0x08002da9   Thumb Code     0  daddsub_clz.o(x$fpl$dadd)
    x$fpl$dmul                               0x08002ee8   Section      340  dmul.o(x$fpl$dmul)
    $v0                                      0x08002ee8   Number         0  dmul.o(x$fpl$dmul)
    x$fpl$dnaninf                            0x0800303c   Section      156  dnaninf.o(x$fpl$dnaninf)
    $v0                                      0x0800303c   Number         0  dnaninf.o(x$fpl$dnaninf)
    x$fpl$dretinf                            0x080030d8   Section       12  dretinf.o(x$fpl$dretinf)
    $v0                                      0x080030d8   Number         0  dretinf.o(x$fpl$dretinf)
    x$fpl$dsub                               0x080030e4   Section      468  daddsub_clz.o(x$fpl$dsub)
    $v0                                      0x080030e4   Number         0  daddsub_clz.o(x$fpl$dsub)
    _dsub1                                   0x080030f5   Thumb Code     0  daddsub_clz.o(x$fpl$dsub)
    x$fpl$f2d                                0x080032b8   Section       86  f2d.o(x$fpl$f2d)
    $v0                                      0x080032b8   Number         0  f2d.o(x$fpl$f2d)
    x$fpl$fnaninf                            0x0800330e   Section      140  fnaninf.o(x$fpl$fnaninf)
    $v0                                      0x0800330e   Number         0  fnaninf.o(x$fpl$fnaninf)
    x$fpl$fpinit                             0x0800339a   Section       10  fpinit.o(x$fpl$fpinit)
    $v0                                      0x0800339a   Number         0  fpinit.o(x$fpl$fpinit)
    x$fpl$fretinf                            0x080033a4   Section       10  fretinf.o(x$fpl$fretinf)
    $v0                                      0x080033a4   Number         0  fretinf.o(x$fpl$fretinf)
    .constdata                               0x080033ae   Section       40  _printf_hex_int.o(.constdata)
    x$fpl$usenofp                            0x080033ae   Section        0  usenofp.o(x$fpl$usenofp)
    uc_hextab                                0x080033ae   Data          20  _printf_hex_int.o(.constdata)
    lc_hextab                                0x080033c2   Data          20  _printf_hex_int.o(.constdata)
    .constdata                               0x080033d6   Section       17  __printf_flags_ss_wp.o(.constdata)
    maptable                                 0x080033d6   Data          17  __printf_flags_ss_wp.o(.constdata)
    .conststring                             0x080033e8   Section       40  usmart.o(.conststring)
    .conststring                             0x08003410   Section      147  usmart_config.o(.conststring)
    .data                                    0x20000000   Section        4  delay.o(.data)
    fac_us                                   0x20000000   Data           1  delay.o(.data)
    fac_ms                                   0x20000002   Data           2  delay.o(.data)
    .data                                    0x20000004   Section        2  usart.o(.data)
    .data                                    0x20000006   Section        1  rs485.o(.data)
    .data                                    0x20000008   Section      640  jy901.o(.data)
    ucRxCnt                                  0x2000025c   Data           1  jy901.o(.data)
    ucRxLen                                  0x2000025d   Data           1  jy901.o(.data)
    temp1                                    0x20000260   Data           4  jy901.o(.data)
    temp2                                    0x20000264   Data           4  jy901.o(.data)
    temp3                                    0x20000268   Data           4  jy901.o(.data)
    index                                    0x2000026c   Data           1  jy901.o(.data)
    curId                                    0x2000026d   Data           6  jy901.o(.data)
    angle_change_time                        0x20000274   Data           8  jy901.o(.data)
    assi_time                                0x2000027c   Data           8  jy901.o(.data)
    P_flag                                   0x20000284   Data           4  jy901.o(.data)
    .data                                    0x20000288   Section       28  usmart.o(.data)
    .data                                    0x200002a4   Section      284  usmart_config.o(.data)
    .bss                                     0x200003c0   Section      200  usart.o(.bss)
    .bss                                     0x20000488   Section      328  jy901.o(.bss)
    ucRxBuffer                               0x20000578   Data          11  jy901.o(.bss)
    ano_out                                  0x20000584   Data          40  jy901.o(.bss)
    angle_change_history                     0x200005ac   Data          12  jy901.o(.bss)
    GX_history                               0x200005b8   Data          24  jy901.o(.bss)
    .bss                                     0x200005d0   Section       96  libspace.o(.bss)
    HEAP                                     0x20000630   Section        0  startup_stm32f40_41xxx.o(HEAP)
    STACK                                    0x20000630   Section     1024  startup_stm32f40_41xxx.o(STACK)
    Heap_Mem                                 0x20000630   Data           0  startup_stm32f40_41xxx.o(HEAP)
    Stack_Mem                                0x20000630   Data        1024  startup_stm32f40_41xxx.o(STACK)
    __initial_sp                             0x20000a30   Data           0  startup_stm32f40_41xxx.o(STACK)

    Global Symbols

    Symbol Name                              Value     Ov Type        Size  Object(Section)

    BuildAttributes$$THM_ISAv4$E$P$D$K$B$S$7EM$VFPi3$EXTD16$VFPS$VFMA$PE$A:L22UL41UL21$X:L11$S22US41US21$IEEE1$IW$USESV6$~STKCKD$USESV7$~SHL$OSPACE$ROPI$EBA8$UX$STANDARDLIB$REQ8$PRES8$EABIv2 0x00000000   Number         0  anon$$obj.o ABSOLUTE
    __ARM_use_no_argv                        0x00000000   Number         0  test.o ABSOLUTE
    _printf_flags                            0x00000000   Number         0  printf_stubs.o ABSOLUTE
    _printf_return_value                     0x00000000   Number         0  printf_stubs.o ABSOLUTE
    _printf_sizespec                         0x00000000   Number         0  printf_stubs.o ABSOLUTE
    _printf_widthprec                        0x00000000   Number         0  printf_stubs.o ABSOLUTE
    __ARM_exceptions_init                     - Undefined Weak Reference
    __alloca_initialize                       - Undefined Weak Reference
    __arm_preinit_                            - Undefined Weak Reference
    __cpp_initialize__aeabi_                  - Undefined Weak Reference
    __cxa_finalize                            - Undefined Weak Reference
    __rt_locale                               - Undefined Weak Reference
    __sigvec_lookup                           - Undefined Weak Reference
    _atexit_init                              - Undefined Weak Reference
    _call_atexit_fns                          - Undefined Weak Reference
    _clock_init                               - Undefined Weak Reference
    _fp_trap_init                             - Undefined Weak Reference
    _fp_trap_shutdown                         - Undefined Weak Reference
    _get_lc_collate                           - Undefined Weak Reference
    _get_lc_ctype                             - Undefined Weak Reference
    _get_lc_monetary                          - Undefined Weak Reference
    _get_lc_numeric                           - Undefined Weak Reference
    _get_lc_time                              - Undefined Weak Reference
    _getenv_init                              - Undefined Weak Reference
    _handle_redirection                       - Undefined Weak Reference
    _init_alloc                               - Undefined Weak Reference
    _init_user_alloc                          - Undefined Weak Reference
    _initio                                   - Undefined Weak Reference
    _mutex_acquire                            - Undefined Weak Reference
    _mutex_release                            - Undefined Weak Reference
    _printf_mbtowc                            - Undefined Weak Reference
    _printf_truncate_signed                   - Undefined Weak Reference
    _printf_truncate_unsigned                 - Undefined Weak Reference
    _rand_init                                - Undefined Weak Reference
    _signal_finish                            - Undefined Weak Reference
    _signal_init                              - Undefined Weak Reference
    _terminate_alloc                          - Undefined Weak Reference
    _terminate_user_alloc                     - Undefined Weak Reference
    _terminateio                              - Undefined Weak Reference
    __Vectors_Size                           0x00000188   Number         0  startup_stm32f40_41xxx.o ABSOLUTE
    __Vectors                                0x08000000   Data           4  startup_stm32f40_41xxx.o(RESET)
    __Vectors_End                            0x08000188   Data           0  startup_stm32f40_41xxx.o(RESET)
    __main                                   0x08000189   Thumb Code     8  __main.o(!!!main)
    __scatterload                            0x08000191   Thumb Code     0  __scatter.o(!!!scatter)
    __scatterload_rt2                        0x08000191   Thumb Code    44  __scatter.o(!!!scatter)
    __scatterload_rt2_thumb_only             0x08000191   Thumb Code     0  __scatter.o(!!!scatter)
    __scatterload_null                       0x0800019f   Thumb Code     0  __scatter.o(!!!scatter)
    __decompress                             0x080001c5   Thumb Code    90  __dczerorl2.o(!!dczerorl2)
    __decompress1                            0x080001c5   Thumb Code     0  __dczerorl2.o(!!dczerorl2)
    __scatterload_zeroinit                   0x08000221   Thumb Code    28  __scatter_zi.o(!!handler_zi)
    _printf_d                                0x0800023d   Thumb Code     0  _printf_d.o(.ARM.Collect$$_printf_percent$$00000009)
    _printf_percent                          0x0800023d   Thumb Code     0  _printf_percent.o(.ARM.Collect$$_printf_percent$$00000000)
    _printf_u                                0x08000243   Thumb Code     0  _printf_u.o(.ARM.Collect$$_printf_percent$$0000000A)
    _printf_x                                0x08000249   Thumb Code     0  _printf_x.o(.ARM.Collect$$_printf_percent$$0000000C)
    _printf_c                                0x0800024f   Thumb Code     0  _printf_c.o(.ARM.Collect$$_printf_percent$$00000013)
    _printf_s                                0x08000255   Thumb Code     0  _printf_s.o(.ARM.Collect$$_printf_percent$$00000014)
    _printf_percent_end                      0x0800025b   Thumb Code     0  _printf_percent_end.o(.ARM.Collect$$_printf_percent$$00000017)
    __rt_lib_init                            0x0800025f   Thumb Code     0  libinit.o(.ARM.Collect$$libinit$$00000000)
    __rt_lib_init_fp_1                       0x08000261   Thumb Code     0  libinit2.o(.ARM.Collect$$libinit$$00000001)
    __rt_lib_init_alloca_1                   0x08000265   Thumb Code     0  libinit2.o(.ARM.Collect$$libinit$$0000002E)
    __rt_lib_init_argv_1                     0x08000265   Thumb Code     0  libinit2.o(.ARM.Collect$$libinit$$0000002C)
    __rt_lib_init_atexit_1                   0x08000265   Thumb Code     0  libinit2.o(.ARM.Collect$$libinit$$0000001B)
    __rt_lib_init_clock_1                    0x08000265   Thumb Code     0  libinit2.o(.ARM.Collect$$libinit$$00000021)
    __rt_lib_init_cpp_1                      0x08000265   Thumb Code     0  libinit2.o(.ARM.Collect$$libinit$$00000032)
    __rt_lib_init_exceptions_1               0x08000265   Thumb Code     0  libinit2.o(.ARM.Collect$$libinit$$00000030)
    __rt_lib_init_fp_trap_1                  0x08000265   Thumb Code     0  libinit2.o(.ARM.Collect$$libinit$$0000001F)
    __rt_lib_init_getenv_1                   0x08000265   Thumb Code     0  libinit2.o(.ARM.Collect$$libinit$$00000023)
    __rt_lib_init_heap_1                     0x08000265   Thumb Code     0  libinit2.o(.ARM.Collect$$libinit$$0000000A)
    __rt_lib_init_lc_collate_1               0x08000265   Thumb Code     0  libinit2.o(.ARM.Collect$$libinit$$00000011)
    __rt_lib_init_lc_ctype_1                 0x08000265   Thumb Code     0  libinit2.o(.ARM.Collect$$libinit$$00000013)
    __rt_lib_init_lc_monetary_1              0x08000265   Thumb Code     0  libinit2.o(.ARM.Collect$$libinit$$00000015)
    __rt_lib_init_lc_numeric_1               0x08000265   Thumb Code     0  libinit2.o(.ARM.Collect$$libinit$$00000017)
    __rt_lib_init_lc_time_1                  0x08000265   Thumb Code     0  libinit2.o(.ARM.Collect$$libinit$$00000019)
    __rt_lib_init_preinit_1                  0x08000265   Thumb Code     0  libinit2.o(.ARM.Collect$$libinit$$00000004)
    __rt_lib_init_rand_1                     0x08000265   Thumb Code     0  libinit2.o(.ARM.Collect$$libinit$$0000000E)
    __rt_lib_init_return                     0x08000265   Thumb Code     0  libinit2.o(.ARM.Collect$$libinit$$00000033)
    __rt_lib_init_signal_1                   0x08000265   Thumb Code     0  libinit2.o(.ARM.Collect$$libinit$$0000001D)
    __rt_lib_init_stdio_1                    0x08000265   Thumb Code     0  libinit2.o(.ARM.Collect$$libinit$$00000025)
    __rt_lib_init_user_alloc_1               0x08000265   Thumb Code     0  libinit2.o(.ARM.Collect$$libinit$$0000000C)
    __rt_lib_shutdown                        0x08000267   Thumb Code     0  libshutdown.o(.ARM.Collect$$libshutdown$$00000000)
    __rt_lib_shutdown_cpp_1                  0x08000269   Thumb Code     0  libshutdown2.o(.ARM.Collect$$libshutdown$$00000002)
    __rt_lib_shutdown_fp_trap_1              0x08000269   Thumb Code     0  libshutdown2.o(.ARM.Collect$$libshutdown$$00000007)
    __rt_lib_shutdown_heap_1                 0x08000269   Thumb Code     0  libshutdown2.o(.ARM.Collect$$libshutdown$$0000000F)
    __rt_lib_shutdown_return                 0x08000269   Thumb Code     0  libshutdown2.o(.ARM.Collect$$libshutdown$$00000010)
    __rt_lib_shutdown_signal_1               0x08000269   Thumb Code     0  libshutdown2.o(.ARM.Collect$$libshutdown$$0000000A)
    __rt_lib_shutdown_stdio_1                0x08000269   Thumb Code     0  libshutdown2.o(.ARM.Collect$$libshutdown$$00000004)
    __rt_lib_shutdown_user_alloc_1           0x08000269   Thumb Code     0  libshutdown2.o(.ARM.Collect$$libshutdown$$0000000C)
    __rt_entry                               0x0800026b   Thumb Code     0  __rtentry.o(.ARM.Collect$$rtentry$$00000000)
    __rt_entry_presh_1                       0x0800026b   Thumb Code     0  __rtentry2.o(.ARM.Collect$$rtentry$$00000002)
    __rt_entry_sh                            0x0800026b   Thumb Code     0  __rtentry4.o(.ARM.Collect$$rtentry$$00000004)
    __rt_entry_li                            0x08000271   Thumb Code     0  __rtentry2.o(.ARM.Collect$$rtentry$$0000000A)
    __rt_entry_postsh_1                      0x08000271   Thumb Code     0  __rtentry2.o(.ARM.Collect$$rtentry$$00000009)
    __rt_entry_main                          0x08000275   Thumb Code     0  __rtentry2.o(.ARM.Collect$$rtentry$$0000000D)
    __rt_entry_postli_1                      0x08000275   Thumb Code     0  __rtentry2.o(.ARM.Collect$$rtentry$$0000000C)
    __rt_exit                                0x0800027d   Thumb Code     0  rtexit.o(.ARM.Collect$$rtexit$$00000000)
    __rt_exit_ls                             0x0800027f   Thumb Code     0  rtexit2.o(.ARM.Collect$$rtexit$$00000003)
    __rt_exit_prels_1                        0x0800027f   Thumb Code     0  rtexit2.o(.ARM.Collect$$rtexit$$00000002)
    __rt_exit_exit                           0x08000283   Thumb Code     0  rtexit2.o(.ARM.Collect$$rtexit$$00000004)
    Reset_Handler                            0x08000289   Thumb Code    14  startup_stm32f40_41xxx.o(.text)
    NMI_Handler                              0x08000297   Thumb Code     2  startup_stm32f40_41xxx.o(.text)
    HardFault_Handler                        0x08000299   Thumb Code     2  startup_stm32f40_41xxx.o(.text)
    MemManage_Handler                        0x0800029b   Thumb Code     2  startup_stm32f40_41xxx.o(.text)
    BusFault_Handler                         0x0800029d   Thumb Code     2  startup_stm32f40_41xxx.o(.text)
    UsageFault_Handler                       0x0800029f   Thumb Code     2  startup_stm32f40_41xxx.o(.text)
    SVC_Handler                              0x080002a1   Thumb Code     2  startup_stm32f40_41xxx.o(.text)
    DebugMon_Handler                         0x080002a3   Thumb Code     2  startup_stm32f40_41xxx.o(.text)
    PendSV_Handler                           0x080002a5   Thumb Code     2  startup_stm32f40_41xxx.o(.text)
    SysTick_Handler                          0x080002a7   Thumb Code     2  startup_stm32f40_41xxx.o(.text)
    ADC_IRQHandler                           0x080002a9   Thumb Code     0  startup_stm32f40_41xxx.o(.text)
    CAN1_RX0_IRQHandler                      0x080002a9   Thumb Code     0  startup_stm32f40_41xxx.o(.text)
    CAN1_RX1_IRQHandler                      0x080002a9   Thumb Code     0  startup_stm32f40_41xxx.o(.text)
    CAN1_SCE_IRQHandler                      0x080002a9   Thumb Code     0  startup_stm32f40_41xxx.o(.text)
    CAN1_TX_IRQHandler                       0x080002a9   Thumb Code     0  startup_stm32f40_41xxx.o(.text)
    CAN2_RX0_IRQHandler                      0x080002a9   Thumb Code     0  startup_stm32f40_41xxx.o(.text)
    CAN2_RX1_IRQHandler                      0x080002a9   Thumb Code     0  startup_stm32f40_41xxx.o(.text)
    CAN2_SCE_IRQHandler                      0x080002a9   Thumb Code     0  startup_stm32f40_41xxx.o(.text)
    CAN2_TX_IRQHandler                       0x080002a9   Thumb Code     0  startup_stm32f40_41xxx.o(.text)
    CRYP_IRQHandler                          0x080002a9   Thumb Code     0  startup_stm32f40_41xxx.o(.text)
    DCMI_IRQHandler                          0x080002a9   Thumb Code     0  startup_stm32f40_41xxx.o(.text)
    DMA1_Stream0_IRQHandler                  0x080002a9   Thumb Code     0  startup_stm32f40_41xxx.o(.text)
    DMA1_Stream1_IRQHandler                  0x080002a9   Thumb Code     0  startup_stm32f40_41xxx.o(.text)
    DMA1_Stream2_IRQHandler                  0x080002a9   Thumb Code     0  startup_stm32f40_41xxx.o(.text)
    DMA1_Stream3_IRQHandler                  0x080002a9   Thumb Code     0  startup_stm32f40_41xxx.o(.text)
    DMA1_Stream4_IRQHandler                  0x080002a9   Thumb Code     0  startup_stm32f40_41xxx.o(.text)
    DMA1_Stream5_IRQHandler                  0x080002a9   Thumb Code     0  startup_stm32f40_41xxx.o(.text)
    DMA1_Stream6_IRQHandler                  0x080002a9   Thumb Code     0  startup_stm32f40_41xxx.o(.text)
    DMA1_Stream7_IRQHandler                  0x080002a9   Thumb Code     0  startup_stm32f40_41xxx.o(.text)
    DMA2_Stream0_IRQHandler                  0x080002a9   Thumb Code     0  startup_stm32f40_41xxx.o(.text)
    DMA2_Stream1_IRQHandler                  0x080002a9   Thumb Code     0  startup_stm32f40_41xxx.o(.text)
    DMA2_Stream2_IRQHandler                  0x080002a9   Thumb Code     0  startup_stm32f40_41xxx.o(.text)
    DMA2_Stream3_IRQHandler                  0x080002a9   Thumb Code     0  startup_stm32f40_41xxx.o(.text)
    DMA2_Stream4_IRQHandler                  0x080002a9   Thumb Code     0  startup_stm32f40_41xxx.o(.text)
    DMA2_Stream5_IRQHandler                  0x080002a9   Thumb Code     0  startup_stm32f40_41xxx.o(.text)
    DMA2_Stream6_IRQHandler                  0x080002a9   Thumb Code     0  startup_stm32f40_41xxx.o(.text)
    DMA2_Stream7_IRQHandler                  0x080002a9   Thumb Code     0  startup_stm32f40_41xxx.o(.text)
    ETH_IRQHandler                           0x080002a9   Thumb Code     0  startup_stm32f40_41xxx.o(.text)
    ETH_WKUP_IRQHandler                      0x080002a9   Thumb Code     0  startup_stm32f40_41xxx.o(.text)
    EXTI0_IRQHandler                         0x080002a9   Thumb Code     0  startup_stm32f40_41xxx.o(.text)
    EXTI15_10_IRQHandler                     0x080002a9   Thumb Code     0  startup_stm32f40_41xxx.o(.text)
    EXTI1_IRQHandler                         0x080002a9   Thumb Code     0  startup_stm32f40_41xxx.o(.text)
    EXTI2_IRQHandler                         0x080002a9   Thumb Code     0  startup_stm32f40_41xxx.o(.text)
    EXTI3_IRQHandler                         0x080002a9   Thumb Code     0  startup_stm32f40_41xxx.o(.text)
    EXTI4_IRQHandler                         0x080002a9   Thumb Code     0  startup_stm32f40_41xxx.o(.text)
    EXTI9_5_IRQHandler                       0x080002a9   Thumb Code     0  startup_stm32f40_41xxx.o(.text)
    FLASH_IRQHandler                         0x080002a9   Thumb Code     0  startup_stm32f40_41xxx.o(.text)
    FPU_IRQHandler                           0x080002a9   Thumb Code     0  startup_stm32f40_41xxx.o(.text)
    FSMC_IRQHandler                          0x080002a9   Thumb Code     0  startup_stm32f40_41xxx.o(.text)
    HASH_RNG_IRQHandler                      0x080002a9   Thumb Code     0  startup_stm32f40_41xxx.o(.text)
    I2C1_ER_IRQHandler                       0x080002a9   Thumb Code     0  startup_stm32f40_41xxx.o(.text)
    I2C1_EV_IRQHandler                       0x080002a9   Thumb Code     0  startup_stm32f40_41xxx.o(.text)
    I2C2_ER_IRQHandler                       0x080002a9   Thumb Code     0  startup_stm32f40_41xxx.o(.text)
    I2C2_EV_IRQHandler                       0x080002a9   Thumb Code     0  startup_stm32f40_41xxx.o(.text)
    I2C3_ER_IRQHandler                       0x080002a9   Thumb Code     0  startup_stm32f40_41xxx.o(.text)
    I2C3_EV_IRQHandler                       0x080002a9   Thumb Code     0  startup_stm32f40_41xxx.o(.text)
    OTG_FS_IRQHandler                        0x080002a9   Thumb Code     0  startup_stm32f40_41xxx.o(.text)
    OTG_FS_WKUP_IRQHandler                   0x080002a9   Thumb Code     0  startup_stm32f40_41xxx.o(.text)
    OTG_HS_EP1_IN_IRQHandler                 0x080002a9   Thumb Code     0  startup_stm32f40_41xxx.o(.text)
    OTG_HS_EP1_OUT_IRQHandler                0x080002a9   Thumb Code     0  startup_stm32f40_41xxx.o(.text)
    OTG_HS_IRQHandler                        0x080002a9   Thumb Code     0  startup_stm32f40_41xxx.o(.text)
    OTG_HS_WKUP_IRQHandler                   0x080002a9   Thumb Code     0  startup_stm32f40_41xxx.o(.text)
    PVD_IRQHandler                           0x080002a9   Thumb Code     0  startup_stm32f40_41xxx.o(.text)
    RCC_IRQHandler                           0x080002a9   Thumb Code     0  startup_stm32f40_41xxx.o(.text)
    RTC_Alarm_IRQHandler                     0x080002a9   Thumb Code     0  startup_stm32f40_41xxx.o(.text)
    RTC_WKUP_IRQHandler                      0x080002a9   Thumb Code     0  startup_stm32f40_41xxx.o(.text)
    SDIO_IRQHandler                          0x080002a9   Thumb Code     0  startup_stm32f40_41xxx.o(.text)
    SPI1_IRQHandler                          0x080002a9   Thumb Code     0  startup_stm32f40_41xxx.o(.text)
    SPI2_IRQHandler                          0x080002a9   Thumb Code     0  startup_stm32f40_41xxx.o(.text)
    SPI3_IRQHandler                          0x080002a9   Thumb Code     0  startup_stm32f40_41xxx.o(.text)
    TAMP_STAMP_IRQHandler                    0x080002a9   Thumb Code     0  startup_stm32f40_41xxx.o(.text)
    TIM1_BRK_TIM9_IRQHandler                 0x080002a9   Thumb Code     0  startup_stm32f40_41xxx.o(.text)
    TIM1_CC_IRQHandler                       0x080002a9   Thumb Code     0  startup_stm32f40_41xxx.o(.text)
    TIM1_TRG_COM_TIM11_IRQHandler            0x080002a9   Thumb Code     0  startup_stm32f40_41xxx.o(.text)
    TIM1_UP_TIM10_IRQHandler                 0x080002a9   Thumb Code     0  startup_stm32f40_41xxx.o(.text)
    TIM2_IRQHandler                          0x080002a9   Thumb Code     0  startup_stm32f40_41xxx.o(.text)
    TIM3_IRQHandler                          0x080002a9   Thumb Code     0  startup_stm32f40_41xxx.o(.text)
    TIM5_IRQHandler                          0x080002a9   Thumb Code     0  startup_stm32f40_41xxx.o(.text)
    TIM6_DAC_IRQHandler                      0x080002a9   Thumb Code     0  startup_stm32f40_41xxx.o(.text)
    TIM7_IRQHandler                          0x080002a9   Thumb Code     0  startup_stm32f40_41xxx.o(.text)
    TIM8_BRK_TIM12_IRQHandler                0x080002a9   Thumb Code     0  startup_stm32f40_41xxx.o(.text)
    TIM8_CC_IRQHandler                       0x080002a9   Thumb Code     0  startup_stm32f40_41xxx.o(.text)
    TIM8_TRG_COM_TIM14_IRQHandler            0x080002a9   Thumb Code     0  startup_stm32f40_41xxx.o(.text)
    TIM8_UP_TIM13_IRQHandler                 0x080002a9   Thumb Code     0  startup_stm32f40_41xxx.o(.text)
    UART4_IRQHandler                         0x080002a9   Thumb Code     0  startup_stm32f40_41xxx.o(.text)
    UART5_IRQHandler                         0x080002a9   Thumb Code     0  startup_stm32f40_41xxx.o(.text)
    USART3_IRQHandler                        0x080002a9   Thumb Code     0  startup_stm32f40_41xxx.o(.text)
    USART6_IRQHandler                        0x080002a9   Thumb Code     0  startup_stm32f40_41xxx.o(.text)
    WWDG_IRQHandler                          0x080002a9   Thumb Code     0  startup_stm32f40_41xxx.o(.text)
    __user_initial_stackheap                 0x080002ad   Thumb Code     0  startup_stm32f40_41xxx.o(.text)
    __use_no_semihosting                     0x080002cd   Thumb Code     2  use_no_semi_2.o(.text)
    __2printf                                0x080002d1   Thumb Code    20  noretval__2printf.o(.text)
    _printf_pre_padding                      0x080002e9   Thumb Code    44  _printf_pad.o(.text)
    _printf_post_padding                     0x08000315   Thumb Code    34  _printf_pad.o(.text)
    _printf_str                              0x08000337   Thumb Code    82  _printf_str.o(.text)
    _printf_int_dec                          0x08000389   Thumb Code   104  _printf_dec.o(.text)
    _printf_int_hex                          0x08000401   Thumb Code    84  _printf_hex_int.o(.text)
    _printf_longlong_hex                     0x08000401   Thumb Code     0  _printf_hex_int.o(.text)
    __printf                                 0x08000459   Thumb Code   388  __printf_flags_ss_wp.o(.text)
    __aeabi_memclr4                          0x080005e1   Thumb Code     0  rt_memclr_w.o(.text)
    __aeabi_memclr8                          0x080005e1   Thumb Code     0  rt_memclr_w.o(.text)
    __rt_memclr_w                            0x080005e1   Thumb Code    78  rt_memclr_w.o(.text)
    _memset_w                                0x080005e5   Thumb Code     0  rt_memclr_w.o(.text)
    __use_two_region_memory                  0x0800062f   Thumb Code     2  heapauxi.o(.text)
    __rt_heap_escrow$2region                 0x08000631   Thumb Code     2  heapauxi.o(.text)
    __rt_heap_expand$2region                 0x08000633   Thumb Code     2  heapauxi.o(.text)
    __I$use$semihosting                      0x08000635   Thumb Code     0  use_no_semi.o(.text)
    __use_no_semihosting_swi                 0x08000635   Thumb Code     2  use_no_semi.o(.text)
    _printf_int_common                       0x08000637   Thumb Code   178  _printf_intcommon.o(.text)
    _printf_cs_common                        0x080006e9   Thumb Code    20  _printf_char.o(.text)
    _printf_char                             0x080006fd   Thumb Code    16  _printf_char.o(.text)
    _printf_string                           0x0800070d   Thumb Code     8  _printf_char.o(.text)
    _printf_char_file                        0x08000715   Thumb Code    32  _printf_char_file.o(.text)
    _printf_char_common                      0x08000743   Thumb Code    32  _printf_char_common.o(.text)
    ferror                                   0x08000769   Thumb Code     8  ferror.o(.text)
    __user_setup_stackheap                   0x08000771   Thumb Code    74  sys_stackheap_outer.o(.text)
    exit                                     0x080007bb   Thumb Code    18  exit.o(.text)
    __user_libspace                          0x080007cd   Thumb Code     8  libspace.o(.text)
    __user_perproc_libspace                  0x080007cd   Thumb Code     0  libspace.o(.text)
    __user_perthread_libspace                0x080007cd   Thumb Code     0  libspace.o(.text)
    ANO_report                               0x080007d5   Thumb Code   130  ano.o(i.ANO_report)
    ANO_send                                 0x08000857   Thumb Code    88  ano.o(i.ANO_send)
    CRC16                                    0x080008b1   Thumb Code    44  jy901.o(i.CRC16)
    CopeSerialData                           0x080008e5   Thumb Code  1958  jy901.o(i.CopeSerialData)
    GPIO_AF_Set                              0x080010cd   Thumb Code    64  sys.o(i.GPIO_AF_Set)
    GPIO_Set                                 0x0800110d   Thumb Code   222  sys.o(i.GPIO_Set)
    LED_Init                                 0x080011ed   Thumb Code    48  led.o(i.LED_Init)
    MY_NVIC_Init                             0x0800122d   Thumb Code   116  sys.o(i.MY_NVIC_Init)
    MY_NVIC_PriorityGroupConfig              0x080012a5   Thumb Code    32  sys.o(i.MY_NVIC_PriorityGroupConfig)
    MY_NVIC_SetVectorTable                   0x080012cd   Thumb Code    12  sys.o(i.MY_NVIC_SetVectorTable)
    ModbusRWReg                              0x080012dd   Thumb Code   216  jy901.o(i.ModbusRWReg)
    PcTx_Byte                                0x080013bd   Thumb Code    20  usart.o(i.PcTx_Byte)
    PcTx_Byte3                               0x080013d5   Thumb Code    22  usart.o(i.PcTx_Byte3)
    RS485_Init                               0x080013f1   Thumb Code   284  rs485.o(i.RS485_Init)
    RS485_Send_Data                          0x08001525   Thumb Code    70  rs485.o(i.RS485_Send_Data)
    Stm32_Clock_Init                         0x08001579   Thumb Code    90  sys.o(i.Stm32_Clock_Init)
    Sys_Clock_Set                            0x080015e1   Thumb Code   254  sys.o(i.Sys_Clock_Set)
    TIM4_IRQHandler                          0x080016ed   Thumb Code    50  usmart.o(i.TIM4_IRQHandler)
    Timer4_Init                              0x08001729   Thumb Code    72  usmart.o(i.Timer4_Init)
    USART1_IRQHandler                        0x08001779   Thumb Code   116  usart.o(i.USART1_IRQHandler)
    USART2_IRQHandler                        0x080017f9   Thumb Code    28  rs485.o(i.USART2_IRQHandler)
    _is_digit                                0x08001819   Thumb Code    14  __printf_wp.o(i._is_digit)
    _sys_exit                                0x08001827   Thumb Code     4  jy901.o(i._sys_exit)
    delay_init                               0x0800182d   Thumb Code    56  delay.o(i.delay_init)
    delay_ms                                 0x0800186d   Thumb Code    56  delay.o(i.delay_ms)
    delay_us                                 0x080018a5   Thumb Code    56  delay.o(i.delay_us)
    delay_xms                                0x080018e1   Thumb Code    56  delay.o(i.delay_xms)
    fputc                                    0x0800191d   Thumb Code    22  jy901.o(i.fputc)
    main                                     0x08001939   Thumb Code   178  test.o(i.main)
    read_addr                                0x080019f1   Thumb Code     6  usmart.o(i.read_addr)
    send485                                  0x080019f7   Thumb Code    12  jy901.o(i.send485)
    uart3_init                               0x08001a05   Thumb Code   210  usart.o(i.uart3_init)
    uart_init                                0x08001ae9   Thumb Code   240  usart.o(i.uart_init)
    usmart_cmd_rec                           0x08001be9   Thumb Code   170  usmart.o(i.usmart_cmd_rec)
    usmart_exe                               0x08001c99   Thumb Code   632  usmart.o(i.usmart_exe)
    usmart_get_aparm                         0x08001f6d   Thumb Code   212  usmart_str.o(i.usmart_get_aparm)
    usmart_get_cmdname                       0x08002041   Thumb Code    54  usmart_str.o(i.usmart_get_cmdname)
    usmart_get_fname                         0x08002079   Thumb Code   440  usmart_str.o(i.usmart_get_fname)
    usmart_get_fparam                        0x08002239   Thumb Code   262  usmart_str.o(i.usmart_get_fparam)
    usmart_get_parmpos                       0x08002345   Thumb Code    26  usmart_str.o(i.usmart_get_parmpos)
    usmart_get_runtime                       0x08002365   Thumb Code    56  usmart.o(i.usmart_get_runtime)
    usmart_init                              0x080023a5   Thumb Code    36  usmart.o(i.usmart_init)
    usmart_pow                               0x080023cd   Thumb Code    22  usmart_str.o(i.usmart_pow)
    usmart_reset_runtime                     0x080023e5   Thumb Code    38  usmart.o(i.usmart_reset_runtime)
    usmart_scan                              0x08002415   Thumb Code   120  usmart.o(i.usmart_scan)
    usmart_search_nextc                      0x080024d1   Thumb Code    22  usmart_str.o(i.usmart_search_nextc)
    usmart_str2num                           0x080024e7   Thumb Code   262  usmart_str.o(i.usmart_str2num)
    usmart_strcmp                            0x080025ed   Thumb Code    34  usmart_str.o(i.usmart_strcmp)
    usmart_strcopy                           0x0800260f   Thumb Code    22  usmart_str.o(i.usmart_strcopy)
    usmart_strlen                            0x08002625   Thumb Code    24  usmart_str.o(i.usmart_strlen)
    usmart_sys_cmd_exe                       0x0800263d   Thumb Code  1570  usmart.o(i.usmart_sys_cmd_exe)
    write_addr                               0x08002d31   Thumb Code     4  usmart.o(i.write_addr)
    __aeabi_d2f                              0x08002d35   Thumb Code     0  d2f.o(x$fpl$d2f)
    _d2f                                     0x08002d35   Thumb Code    98  d2f.o(x$fpl$d2f)
    __aeabi_dadd                             0x08002d99   Thumb Code     0  daddsub_clz.o(x$fpl$dadd)
    _dadd                                    0x08002d99   Thumb Code   332  daddsub_clz.o(x$fpl$dadd)
    __aeabi_dmul                             0x08002ee9   Thumb Code     0  dmul.o(x$fpl$dmul)
    _dmul                                    0x08002ee9   Thumb Code   332  dmul.o(x$fpl$dmul)
    __fpl_dnaninf                            0x0800303d   Thumb Code   156  dnaninf.o(x$fpl$dnaninf)
    __fpl_dretinf                            0x080030d9   Thumb Code    12  dretinf.o(x$fpl$dretinf)
    __aeabi_dsub                             0x080030e5   Thumb Code     0  daddsub_clz.o(x$fpl$dsub)
    _dsub                                    0x080030e5   Thumb Code   464  daddsub_clz.o(x$fpl$dsub)
    __aeabi_f2d                              0x080032b9   Thumb Code     0  f2d.o(x$fpl$f2d)
    _f2d                                     0x080032b9   Thumb Code    86  f2d.o(x$fpl$f2d)
    __fpl_fnaninf                            0x0800330f   Thumb Code   140  fnaninf.o(x$fpl$fnaninf)
    _fp_init                                 0x0800339b   Thumb Code    10  fpinit.o(x$fpl$fpinit)
    __fplib_config_fpu_vfp                   0x080033a3   Thumb Code     0  fpinit.o(x$fpl$fpinit)
    __fplib_config_pureend_doubles           0x080033a3   Thumb Code     0  fpinit.o(x$fpl$fpinit)
    __fpl_fretinf                            0x080033a5   Thumb Code    10  fretinf.o(x$fpl$fretinf)
    __I$use$fp                               0x080033ae   Number         0  usenofp.o(x$fpl$usenofp)
    Region$$Table$$Base                      0x080034a4   Number         0  anon$$obj.o(Region$$Table)
    Region$$Table$$Limit                     0x080034c4   Number         0  anon$$obj.o(Region$$Table)
    USART_RX_STA                             0x20000004   Data           2  usart.o(.data)
    RS485_RX_CNT                             0x20000006   Data           1  rs485.o(.data)
    stcTime                                  0x20000008   Data           8  jy901.o(.data)
    stcAcc                                   0x20000010   Data           8  jy901.o(.data)
    stcGyro                                  0x20000018   Data           8  jy901.o(.data)
    stcAngle                                 0x20000020   Data           8  jy901.o(.data)
    stcMag                                   0x20000028   Data           8  jy901.o(.data)
    stcDStatus                               0x20000030   Data           8  jy901.o(.data)
    stcPress                                 0x20000038   Data           8  jy901.o(.data)
    stcLonLat                                0x20000040   Data           8  jy901.o(.data)
    stcGPSV                                  0x20000048   Data           8  jy901.o(.data)
    allowAddeId                              0x20000050   Data           6  jy901.o(.data)
    auchCRCHi                                0x20000056   Data         256  jy901.o(.data)
    auchCRCLo                                0x20000156   Data         256  jy901.o(.data)
    __stdout                                 0x20000258   Data           4  jy901.o(.data)
    sys_cmd_tab                              0x20000288   Data          28  usmart.o(.data)
    usmart_nametab                           0x200002a4   Data          40  usmart_config.o(.data)
    usmart_dev                               0x200002cc   Data         244  usmart_config.o(.data)
    USART_RX_BUF                             0x200003c0   Data         200  usart.o(.bss)
    stcIMU                                   0x20000488   Data         240  jy901.o(.bss)
    __libspace_start                         0x200005d0   Data          96  libspace.o(.bss)
    __temporary_stack_top$libspace           0x20000630   Data           0  libspace.o(.bss)



==============================================================================

Memory Map of the image

  Image Entry point : 0x08000189

  Load Region LR_IROM1 (Base: 0x08000000, Size: 0x00003884, Max: 0x00100000, ABSOLUTE, COMPRESSED[0x00003654])

    Execution Region ER_IROM1 (Exec base: 0x08000000, Load base: 0x08000000, Size: 0x000034c4, Max: 0x00100000, ABSOLUTE)

    Exec Addr    Load Addr    Size         Type   Attr      Idx    E Section Name        Object

    0x08000000   0x08000000   0x00000188   Data   RO            3    RESET               startup_stm32f40_41xxx.o
    0x08000188   0x08000188   0x00000008   Code   RO          962  * !!!main             c_w.l(__main.o)
    0x08000190   0x08000190   0x00000034   Code   RO         1165    !!!scatter          c_w.l(__scatter.o)
    0x080001c4   0x080001c4   0x0000005a   Code   RO         1163    !!dczerorl2         c_w.l(__dczerorl2.o)
    0x0800021e   0x0800021e   0x00000002   PAD
    0x08000220   0x08000220   0x0000001c   Code   RO         1167    !!handler_zi        c_w.l(__scatter_zi.o)
    0x0800023c   0x0800023c   0x00000000   Code   RO          957    .ARM.Collect$$_printf_percent$$00000000  c_w.l(_printf_percent.o)
    0x0800023c   0x0800023c   0x00000006   Code   RO          955    .ARM.Collect$$_printf_percent$$00000009  c_w.l(_printf_d.o)
    0x08000242   0x08000242   0x00000006   Code   RO          956    .ARM.Collect$$_printf_percent$$0000000A  c_w.l(_printf_u.o)
    0x08000248   0x08000248   0x00000006   Code   RO          954    .ARM.Collect$$_printf_percent$$0000000C  c_w.l(_printf_x.o)
    0x0800024e   0x0800024e   0x00000006   Code   RO          952    .ARM.Collect$$_printf_percent$$00000013  c_w.l(_printf_c.o)
    0x08000254   0x08000254   0x00000006   Code   RO          953    .ARM.Collect$$_printf_percent$$00000014  c_w.l(_printf_s.o)
    0x0800025a   0x0800025a   0x00000004   Code   RO          995    .ARM.Collect$$_printf_percent$$00000017  c_w.l(_printf_percent_end.o)
    0x0800025e   0x0800025e   0x00000002   Code   RO         1037    .ARM.Collect$$libinit$$00000000  c_w.l(libinit.o)
    0x08000260   0x08000260   0x00000004   Code   RO         1043    .ARM.Collect$$libinit$$00000001  c_w.l(libinit2.o)
    0x08000264   0x08000264   0x00000000   Code   RO         1046    .ARM.Collect$$libinit$$00000004  c_w.l(libinit2.o)
    0x08000264   0x08000264   0x00000000   Code   RO         1049    .ARM.Collect$$libinit$$0000000A  c_w.l(libinit2.o)
    0x08000264   0x08000264   0x00000000   Code   RO         1051    .ARM.Collect$$libinit$$0000000C  c_w.l(libinit2.o)
    0x08000264   0x08000264   0x00000000   Code   RO         1053    .ARM.Collect$$libinit$$0000000E  c_w.l(libinit2.o)
    0x08000264   0x08000264   0x00000000   Code   RO         1056    .ARM.Collect$$libinit$$00000011  c_w.l(libinit2.o)
    0x08000264   0x08000264   0x00000000   Code   RO         1058    .ARM.Collect$$libinit$$00000013  c_w.l(libinit2.o)
    0x08000264   0x08000264   0x00000000   Code   RO         1060    .ARM.Collect$$libinit$$00000015  c_w.l(libinit2.o)
    0x08000264   0x08000264   0x00000000   Code   RO         1062    .ARM.Collect$$libinit$$00000017  c_w.l(libinit2.o)
    0x08000264   0x08000264   0x00000000   Code   RO         1064    .ARM.Collect$$libinit$$00000019  c_w.l(libinit2.o)
    0x08000264   0x08000264   0x00000000   Code   RO         1066    .ARM.Collect$$libinit$$0000001B  c_w.l(libinit2.o)
    0x08000264   0x08000264   0x00000000   Code   RO         1068    .ARM.Collect$$libinit$$0000001D  c_w.l(libinit2.o)
    0x08000264   0x08000264   0x00000000   Code   RO         1070    .ARM.Collect$$libinit$$0000001F  c_w.l(libinit2.o)
    0x08000264   0x08000264   0x00000000   Code   RO         1072    .ARM.Collect$$libinit$$00000021  c_w.l(libinit2.o)
    0x08000264   0x08000264   0x00000000   Code   RO         1074    .ARM.Collect$$libinit$$00000023  c_w.l(libinit2.o)
    0x08000264   0x08000264   0x00000000   Code   RO         1076    .ARM.Collect$$libinit$$00000025  c_w.l(libinit2.o)
    0x08000264   0x08000264   0x00000000   Code   RO         1080    .ARM.Collect$$libinit$$0000002C  c_w.l(libinit2.o)
    0x08000264   0x08000264   0x00000000   Code   RO         1082    .ARM.Collect$$libinit$$0000002E  c_w.l(libinit2.o)
    0x08000264   0x08000264   0x00000000   Code   RO         1084    .ARM.Collect$$libinit$$00000030  c_w.l(libinit2.o)
    0x08000264   0x08000264   0x00000000   Code   RO         1086    .ARM.Collect$$libinit$$00000032  c_w.l(libinit2.o)
    0x08000264   0x08000264   0x00000002   Code   RO         1087    .ARM.Collect$$libinit$$00000033  c_w.l(libinit2.o)
    0x08000266   0x08000266   0x00000002   Code   RO         1105    .ARM.Collect$$libshutdown$$00000000  c_w.l(libshutdown.o)
    0x08000268   0x08000268   0x00000000   Code   RO         1115    .ARM.Collect$$libshutdown$$00000002  c_w.l(libshutdown2.o)
    0x08000268   0x08000268   0x00000000   Code   RO         1117    .ARM.Collect$$libshutdown$$00000004  c_w.l(libshutdown2.o)
    0x08000268   0x08000268   0x00000000   Code   RO         1120    .ARM.Collect$$libshutdown$$00000007  c_w.l(libshutdown2.o)
    0x08000268   0x08000268   0x00000000   Code   RO         1123    .ARM.Collect$$libshutdown$$0000000A  c_w.l(libshutdown2.o)
    0x08000268   0x08000268   0x00000000   Code   RO         1125    .ARM.Collect$$libshutdown$$0000000C  c_w.l(libshutdown2.o)
    0x08000268   0x08000268   0x00000000   Code   RO         1128    .ARM.Collect$$libshutdown$$0000000F  c_w.l(libshutdown2.o)
    0x08000268   0x08000268   0x00000002   Code   RO         1129    .ARM.Collect$$libshutdown$$00000010  c_w.l(libshutdown2.o)
    0x0800026a   0x0800026a   0x00000000   Code   RO          988    .ARM.Collect$$rtentry$$00000000  c_w.l(__rtentry.o)
    0x0800026a   0x0800026a   0x00000000   Code   RO         1006    .ARM.Collect$$rtentry$$00000002  c_w.l(__rtentry2.o)
    0x0800026a   0x0800026a   0x00000006   Code   RO         1018    .ARM.Collect$$rtentry$$00000004  c_w.l(__rtentry4.o)
    0x08000270   0x08000270   0x00000000   Code   RO         1008    .ARM.Collect$$rtentry$$00000009  c_w.l(__rtentry2.o)
    0x08000270   0x08000270   0x00000004   Code   RO         1009    .ARM.Collect$$rtentry$$0000000A  c_w.l(__rtentry2.o)
    0x08000274   0x08000274   0x00000000   Code   RO         1011    .ARM.Collect$$rtentry$$0000000C  c_w.l(__rtentry2.o)
    0x08000274   0x08000274   0x00000008   Code   RO         1012    .ARM.Collect$$rtentry$$0000000D  c_w.l(__rtentry2.o)
    0x0800027c   0x0800027c   0x00000002   Code   RO         1041    .ARM.Collect$$rtexit$$00000000  c_w.l(rtexit.o)
    0x0800027e   0x0800027e   0x00000000   Code   RO         1089    .ARM.Collect$$rtexit$$00000002  c_w.l(rtexit2.o)
    0x0800027e   0x0800027e   0x00000004   Code   RO         1090    .ARM.Collect$$rtexit$$00000003  c_w.l(rtexit2.o)
    0x08000282   0x08000282   0x00000006   Code   RO         1091    .ARM.Collect$$rtexit$$00000004  c_w.l(rtexit2.o)
    0x08000288   0x08000288   0x00000044   Code   RO            4    .text               startup_stm32f40_41xxx.o
    0x080002cc   0x080002cc   0x00000002   Code   RO          897    .text               c_w.l(use_no_semi_2.o)
    0x080002ce   0x080002ce   0x00000002   PAD
    0x080002d0   0x080002d0   0x00000018   Code   RO          901    .text               c_w.l(noretval__2printf.o)
    0x080002e8   0x080002e8   0x0000004e   Code   RO          905    .text               c_w.l(_printf_pad.o)
    0x08000336   0x08000336   0x00000052   Code   RO          907    .text               c_w.l(_printf_str.o)
    0x08000388   0x08000388   0x00000078   Code   RO          909    .text               c_w.l(_printf_dec.o)
    0x08000400   0x08000400   0x00000058   Code   RO          914    .text               c_w.l(_printf_hex_int.o)
    0x08000458   0x08000458   0x00000188   Code   RO          949    .text               c_w.l(__printf_flags_ss_wp.o)
    0x080005e0   0x080005e0   0x0000004e   Code   RO          958    .text               c_w.l(rt_memclr_w.o)
    0x0800062e   0x0800062e   0x00000006   Code   RO          960    .text               c_w.l(heapauxi.o)
    0x08000634   0x08000634   0x00000002   Code   RO          986    .text               c_w.l(use_no_semi.o)
    0x08000636   0x08000636   0x000000b2   Code   RO          989    .text               c_w.l(_printf_intcommon.o)
    0x080006e8   0x080006e8   0x0000002c   Code   RO          991    .text               c_w.l(_printf_char.o)
    0x08000714   0x08000714   0x00000024   Code   RO          993    .text               c_w.l(_printf_char_file.o)
    0x08000738   0x08000738   0x00000030   Code   RO         1020    .text               c_w.l(_printf_char_common.o)
    0x08000768   0x08000768   0x00000008   Code   RO         1022    .text               c_w.l(ferror.o)
    0x08000770   0x08000770   0x0000004a   Code   RO         1026    .text               c_w.l(sys_stackheap_outer.o)
    0x080007ba   0x080007ba   0x00000012   Code   RO         1030    .text               c_w.l(exit.o)
    0x080007cc   0x080007cc   0x00000008   Code   RO         1038    .text               c_w.l(libspace.o)
    0x080007d4   0x080007d4   0x00000082   Code   RO          662    i.ANO_report        ano.o
    0x08000856   0x08000856   0x00000058   Code   RO          663    i.ANO_send          ano.o
    0x080008ae   0x080008ae   0x00000002   PAD
    0x080008b0   0x080008b0   0x00000034   Code   RO          595    i.CRC16             jy901.o
    0x080008e4   0x080008e4   0x000007e8   Code   RO          596    i.CopeSerialData    jy901.o
    0x080010cc   0x080010cc   0x00000040   Code   RO          140    i.GPIO_AF_Set       sys.o
    0x0800110c   0x0800110c   0x000000de   Code   RO          141    i.GPIO_Set          sys.o
    0x080011ea   0x080011ea   0x00000002   PAD
    0x080011ec   0x080011ec   0x00000040   Code   RO          285    i.LED_Init          led.o
    0x0800122c   0x0800122c   0x00000078   Code   RO          144    i.MY_NVIC_Init      sys.o
    0x080012a4   0x080012a4   0x00000028   Code   RO          145    i.MY_NVIC_PriorityGroupConfig  sys.o
    0x080012cc   0x080012cc   0x00000010   Code   RO          146    i.MY_NVIC_SetVectorTable  sys.o
    0x080012dc   0x080012dc   0x000000e0   Code   RO          597    i.ModbusRWReg       jy901.o
    0x080013bc   0x080013bc   0x00000018   Code   RO          234    i.PcTx_Byte         usart.o
    0x080013d4   0x080013d4   0x0000001c   Code   RO          235    i.PcTx_Byte3        usart.o
    0x080013f0   0x080013f0   0x00000134   Code   RO          550    i.RS485_Init        rs485.o
    0x08001524   0x08001524   0x00000054   Code   RO          552    i.RS485_Send_Data   rs485.o
    0x08001578   0x08001578   0x00000068   Code   RO          147    i.Stm32_Clock_Init  sys.o
    0x080015e0   0x080015e0   0x0000010c   Code   RO          148    i.Sys_Clock_Set     sys.o
    0x080016ec   0x080016ec   0x0000003c   Code   RO          712    i.TIM4_IRQHandler   usmart.o
    0x08001728   0x08001728   0x00000050   Code   RO          713    i.Timer4_Init       usmart.o
    0x08001778   0x08001778   0x00000080   Code   RO          236    i.USART1_IRQHandler  usart.o
    0x080017f8   0x080017f8   0x00000020   Code   RO          553    i.USART2_IRQHandler  rs485.o
    0x08001818   0x08001818   0x0000000e   Code   RO          942    i._is_digit         c_w.l(__printf_wp.o)
    0x08001826   0x08001826   0x00000004   Code   RO          598    i._sys_exit         jy901.o
    0x0800182a   0x0800182a   0x00000002   PAD
    0x0800182c   0x0800182c   0x00000040   Code   RO           98    i.delay_init        delay.o
    0x0800186c   0x0800186c   0x00000038   Code   RO           99    i.delay_ms          delay.o
    0x080018a4   0x080018a4   0x0000003c   Code   RO          100    i.delay_us          delay.o
    0x080018e0   0x080018e0   0x0000003c   Code   RO          101    i.delay_xms         delay.o
    0x0800191c   0x0800191c   0x0000001c   Code   RO          599    i.fputc             jy901.o
    0x08001938   0x08001938   0x000000b8   Code   RO           12    i.main              test.o
    0x080019f0   0x080019f0   0x00000006   Code   RO          714    i.read_addr         usmart.o
    0x080019f6   0x080019f6   0x0000000c   Code   RO          600    i.send485           jy901.o
    0x08001a02   0x08001a02   0x00000002   PAD
    0x08001a04   0x08001a04   0x000000e4   Code   RO          237    i.uart3_init        usart.o
    0x08001ae8   0x08001ae8   0x00000100   Code   RO          238    i.uart_init         usart.o
    0x08001be8   0x08001be8   0x000000b0   Code   RO          715    i.usmart_cmd_rec    usmart.o
    0x08001c98   0x08001c98   0x000002d4   Code   RO          716    i.usmart_exe        usmart.o
    0x08001f6c   0x08001f6c   0x000000d4   Code   RO          817    i.usmart_get_aparm  usmart_str.o
    0x08002040   0x08002040   0x00000036   Code   RO          818    i.usmart_get_cmdname  usmart_str.o
    0x08002076   0x08002076   0x00000002   PAD
    0x08002078   0x08002078   0x000001c0   Code   RO          819    i.usmart_get_fname  usmart_str.o
    0x08002238   0x08002238   0x0000010c   Code   RO          820    i.usmart_get_fparam  usmart_str.o
    0x08002344   0x08002344   0x00000020   Code   RO          821    i.usmart_get_parmpos  usmart_str.o
    0x08002364   0x08002364   0x00000040   Code   RO          717    i.usmart_get_runtime  usmart.o
    0x080023a4   0x080023a4   0x00000028   Code   RO          718    i.usmart_init       usmart.o
    0x080023cc   0x080023cc   0x00000016   Code   RO          822    i.usmart_pow        usmart_str.o
    0x080023e2   0x080023e2   0x00000002   PAD
    0x080023e4   0x080023e4   0x00000030   Code   RO          719    i.usmart_reset_runtime  usmart.o
    0x08002414   0x08002414   0x000000bc   Code   RO          720    i.usmart_scan       usmart.o
    0x080024d0   0x080024d0   0x00000016   Code   RO          823    i.usmart_search_nextc  usmart_str.o
    0x080024e6   0x080024e6   0x00000106   Code   RO          824    i.usmart_str2num    usmart_str.o
    0x080025ec   0x080025ec   0x00000022   Code   RO          825    i.usmart_strcmp     usmart_str.o
    0x0800260e   0x0800260e   0x00000016   Code   RO          826    i.usmart_strcopy    usmart_str.o
    0x08002624   0x08002624   0x00000018   Code   RO          827    i.usmart_strlen     usmart_str.o
    0x0800263c   0x0800263c   0x000006f4   Code   RO          721    i.usmart_sys_cmd_exe  usmart.o
    0x08002d30   0x08002d30   0x00000004   Code   RO          722    i.write_addr        usmart.o
    0x08002d34   0x08002d34   0x00000062   Code   RO          964    x$fpl$d2f           fz_wm.l(d2f.o)
    0x08002d96   0x08002d96   0x00000002   PAD
    0x08002d98   0x08002d98   0x00000150   Code   RO          966    x$fpl$dadd          fz_wm.l(daddsub_clz.o)
    0x08002ee8   0x08002ee8   0x00000154   Code   RO          982    x$fpl$dmul          fz_wm.l(dmul.o)
    0x0800303c   0x0800303c   0x0000009c   Code   RO          996    x$fpl$dnaninf       fz_wm.l(dnaninf.o)
    0x080030d8   0x080030d8   0x0000000c   Code   RO          998    x$fpl$dretinf       fz_wm.l(dretinf.o)
    0x080030e4   0x080030e4   0x000001d4   Code   RO          968    x$fpl$dsub          fz_wm.l(daddsub_clz.o)
    0x080032b8   0x080032b8   0x00000056   Code   RO          984    x$fpl$f2d           fz_wm.l(f2d.o)
    0x0800330e   0x0800330e   0x0000008c   Code   RO         1000    x$fpl$fnaninf       fz_wm.l(fnaninf.o)
    0x0800339a   0x0800339a   0x0000000a   Code   RO         1097    x$fpl$fpinit        fz_wm.l(fpinit.o)
    0x080033a4   0x080033a4   0x0000000a   Code   RO         1002    x$fpl$fretinf       fz_wm.l(fretinf.o)
    0x080033ae   0x080033ae   0x00000000   Code   RO         1004    x$fpl$usenofp       fz_wm.l(usenofp.o)
    0x080033ae   0x080033ae   0x00000028   Data   RO          915    .constdata          c_w.l(_printf_hex_int.o)
    0x080033d6   0x080033d6   0x00000011   Data   RO          950    .constdata          c_w.l(__printf_flags_ss_wp.o)
    0x080033e7   0x080033e7   0x00000001   PAD
    0x080033e8   0x080033e8   0x00000028   Data   RO          723    .conststring        usmart.o
    0x08003410   0x08003410   0x00000093   Data   RO          796    .conststring        usmart_config.o
    0x080034a3   0x080034a3   0x00000001   PAD
    0x080034a4   0x080034a4   0x00000020   Data   RO         1161    Region$$Table       anon$$obj.o


    Execution Region RW_IRAM1 (Exec base: 0x20000000, Load base: 0x080034c4, Size: 0x00000a30, Max: 0x00020000, ABSOLUTE, COMPRESSED[0x00000190])

    Exec Addr    Load Addr    Size         Type   Attr      Idx    E Section Name        Object

    0x20000000   COMPRESSED   0x00000004   Data   RW          102    .data               delay.o
    0x20000004   COMPRESSED   0x00000002   Data   RW          240    .data               usart.o
    0x20000006   COMPRESSED   0x00000001   Data   RW          555    .data               rs485.o
    0x20000007   COMPRESSED   0x00000001   PAD
    0x20000008   COMPRESSED   0x00000280   Data   RW          602    .data               jy901.o
    0x20000288   COMPRESSED   0x0000001c   Data   RW          724    .data               usmart.o
    0x200002a4   COMPRESSED   0x0000011c   Data   RW          797    .data               usmart_config.o
    0x200003c0        -       0x000000c8   Zero   RW          239    .bss                usart.o
    0x20000488        -       0x00000148   Zero   RW          601    .bss                jy901.o
    0x200005d0        -       0x00000060   Zero   RW         1039    .bss                c_w.l(libspace.o)
    0x20000630        -       0x00000000   Zero   RW            2    HEAP                startup_stm32f40_41xxx.o
    0x20000630        -       0x00000400   Zero   RW            1    STACK               startup_stm32f40_41xxx.o


==============================================================================

Image component sizes


      Code (inc. data)   RO Data    RW Data    ZI Data      Debug   Object Name

       218          0          0          0          0       2292   ano.o
       240         16          0          4          0       2291   delay.o
      2344        170          0        640        328       8755   jy901.o
        64         16          0          0          0        455   led.o
       424         42          0          1          0       2499   rs485.o
        68         24        392          0       1024        840   startup_stm32f40_41xxx.o
       834         44          0          0          0       4838   sys.o
       184          6          0          0          0     232599   test.o
       664         56          0          2        200       3518   usart.o
      3170       1350         40         28          0       7370   usmart.o
         0          0        147        284          0       1412   usmart_config.o
      1400         20          0          0          0       8593   usmart_str.o

    ----------------------------------------------------------------------
      9622       1744        612        960       1552     275462   Object Totals
         0          0         32          0          0          0   (incl. Generated)
        12          0          1          1          0          0   (incl. Padding)

    ----------------------------------------------------------------------

      Code (inc. data)   RO Data    RW Data    ZI Data      Debug   Library Member Name

        90          0          0          0          0          0   __dczerorl2.o
         8          0          0          0          0         68   __main.o
       392          4         17          0          0         92   __printf_flags_ss_wp.o
        14          0          0          0          0         68   __printf_wp.o
         0          0          0          0          0          0   __rtentry.o
        12          0          0          0          0          0   __rtentry2.o
         6          0          0          0          0          0   __rtentry4.o
        52          8          0          0          0          0   __scatter.o
        28          0          0          0          0          0   __scatter_zi.o
         6          0          0          0          0          0   _printf_c.o
        44          0          0          0          0        108   _printf_char.o
        48          6          0          0          0         96   _printf_char_common.o
        36          4          0          0          0         80   _printf_char_file.o
         6          0          0          0          0          0   _printf_d.o
       120         16          0          0          0         92   _printf_dec.o
        88          4         40          0          0         88   _printf_hex_int.o
       178          0          0          0          0         88   _printf_intcommon.o
        78          0          0          0          0        108   _printf_pad.o
         0          0          0          0          0          0   _printf_percent.o
         4          0          0          0          0          0   _printf_percent_end.o
         6          0          0          0          0          0   _printf_s.o
        82          0          0          0          0         80   _printf_str.o
         6          0          0          0          0          0   _printf_u.o
         6          0          0          0          0          0   _printf_x.o
        18          0          0          0          0         80   exit.o
         8          0          0          0          0         68   ferror.o
         6          0          0          0          0        152   heapauxi.o
         2          0          0          0          0          0   libinit.o
         6          0          0          0          0          0   libinit2.o
         2          0          0          0          0          0   libshutdown.o
         2          0          0          0          0          0   libshutdown2.o
         8          4          0          0         96         68   libspace.o
        24          4          0          0          0         84   noretval__2printf.o
        78          0          0          0          0         80   rt_memclr_w.o
         2          0          0          0          0          0   rtexit.o
        10          0          0          0          0          0   rtexit2.o
        74          0          0          0          0         80   sys_stackheap_outer.o
         2          0          0          0          0         68   use_no_semi.o
         2          0          0          0          0         68   use_no_semi_2.o
        98          4          0          0          0        140   d2f.o
       804         16          0          0          0        368   daddsub_clz.o
       340         12          0          0          0        152   dmul.o
       156          4          0          0          0        140   dnaninf.o
        12          0          0          0          0        116   dretinf.o
        86          4          0          0          0        132   f2d.o
       140          4          0          0          0        132   fnaninf.o
        10          0          0          0          0        116   fpinit.o
        10          0          0          0          0        116   fretinf.o
         0          0          0          0          0          0   usenofp.o

    ----------------------------------------------------------------------
      3216         94         58          0         96       3128   Library Totals
         6          0          1          0          0          0   (incl. Padding)

    ----------------------------------------------------------------------

      Code (inc. data)   RO Data    RW Data    ZI Data      Debug   Library Name

      1554         50         57          0         96       1716   c_w.l
      1656         44          0          0          0       1412   fz_wm.l

    ----------------------------------------------------------------------
      3216         94         58          0         96       3128   Library Totals

    ----------------------------------------------------------------------

==============================================================================


      Code (inc. data)   RO Data    RW Data    ZI Data      Debug   

     12838       1838        670        960       1648     272258   Grand Totals
     12838       1838        670        400       1648     272258   ELF Image Totals (compressed)
     12838       1838        670        400          0          0   ROM Totals

==============================================================================

    Total RO  Size (Code + RO Data)                13508 (  13.19kB)
    Total RW  Size (RW Data + ZI Data)              2608 (   2.55kB)
    Total ROM Size (Code + RO Data + RW Data)      13908 (  13.58kB)

==============================================================================

